[INFO] Zeitraum 2023-02-01 bis 2026-09-03 | Laender: ['BR', 'EG', 'GM', 'IN', 'IS', 'MX', 'NI', 'PK', 'RS', 'SF', 'TU', 'TW', 'UP', 'US']
[INFO] Masterliste laden ...
[INFO] 1294 Tage im Zeitraum, 0 bereits vorhanden, 1294 offen
  [   1/1294] 20230201: 14 Laender,  73,340 Ereignisse (8s, Rest ca. 2.7 h)
  [   2/1294] 20230202: 14 Laender,  78,085 Ereignisse (8s, Rest ca. 2.7 h)
  [   3/1294] 20230203: 14 Laender,  69,020 Ereignisse (8s, Rest ca. 2.7 h)
  [   4/1294] 20230204: 14 Laender,  43,656 Ereignisse (7s, Rest ca. 2.7 h)
  [   5/1294] 20230205: 14 Laender,  36,521 Ereignisse (7s, Rest ca. 2.6 h)
  [   6/1294] 20230206: 14 Laender,  61,079 Ereignisse (7s, Rest ca. 2.6 h)
  [   7/1294] 20230207: 14 Laender,  70,235 Ereignisse (8s, Rest ca. 2.6 h)
  [   8/1294] 20230208: 14 Laender,  76,262 Ereignisse (7s, Rest ca. 2.6 h)
  [   9/1294] 20230209: 14 Laender,  76,739 Ereignisse (8s, Rest ca. 2.6 h)
  [  10/1294] 20230210: 14 Laender,  71,517 Ereignisse (8s, Rest ca. 2.6 h)
  [  11/1294] 20230211: 14 Laender,  43,989 Ereignisse (7s, Rest ca. 2.6 h)
  [  12/1294] 20230212: 14 Laender,  37,218 Ereignisse (7s, Rest ca. 2.6 h)
  [  13/1294] 20230213: 14 Laender,  58,925 Ereignisse (7s, Rest ca. 2.6 h)
  [  14/1294] 20230214: 14 Laender,  72,673 Ereignisse (8s, Rest ca. 2.6 h)
  [  15/1294] 20230215: 14 Laender,  75,246 Ereignisse (8s, Rest ca. 2.6 h)
  [  16/1294] 20230216: 14 Laender,  77,738 Ereignisse (8s, Rest ca. 2.6 h)
  [  17/1294] 20230217: 14 Laender,  75,360 Ereignisse (8s, Rest ca. 2.6 h)
  [  18/1294] 20230218: 14 Laender,  52,029 Ereignisse (7s, Rest ca. 2.6 h)
  [  19/1294] 20230219: 14 Laender,  44,126 Ereignisse (7s, Rest ca. 2.6 h)
  [  20/1294] 20230220: 14 Laender,  69,157 Ereignisse (8s, Rest ca. 2.6 h)
  [  21/1294] 20230221: 14 Laender,  80,915 Ereignisse (8s, Rest ca. 2.6 h)
  [  22/1294] 20230222: 14 Laender,  82,982 Ereignisse (8s, Rest ca. 2.6 h)
  [  23/1294] 20230223: 14 Laender,  84,589 Ereignisse (8s, Rest ca. 2.6 h)
  [  24/1294] 20230224: 14 Laender,  86,312 Ereignisse (8s, Rest ca. 2.6 h)
  [  25/1294] 20230225: 14 Laender,  55,088 Ereignisse (7s, Rest ca. 2.6 h)
  [  26/1294] 20230226: 14 Laender,  38,656 Ereignisse (7s, Rest ca. 2.6 h)
  [  27/1294] 20230227: 14 Laender,  63,894 Ereignisse (7s, Rest ca. 2.6 h)
  [  28/1294] 20230228: 14 Laender,  73,002 Ereignisse (8s, Rest ca. 2.6 h)
  [  29/1294] 20230301: 14 Laender,  75,436 Ereignisse (8s, Rest ca. 2.6 h)
  [  30/1294] 20230302: 14 Laender,  77,507 Ereignisse (8s, Rest ca. 2.6 h)
  [  31/1294] 20230303: 14 Laender,  73,689 Ereignisse (8s, Rest ca. 2.6 h)
  [  32/1294] 20230304: 14 Laender,  45,447 Ereignisse (7s, Rest ca. 2.6 h)
  [  33/1294] 20230305: 14 Laender,  36,732 Ereignisse (7s, Rest ca. 2.6 h)
  [  34/1294] 20230306: 14 Laender,  60,671 Ereignisse (7s, Rest ca. 2.6 h)
  [  35/1294] 20230307: 14 Laender,  70,253 Ereignisse (8s, Rest ca. 2.6 h)
  [  36/1294] 20230308: 14 Laender,  73,489 Ereignisse (8s, Rest ca. 2.6 h)
  [  37/1294] 20230309: 14 Laender,  73,716 Ereignisse (8s, Rest ca. 2.6 h)
  [  38/1294] 20230310: 14 Laender,  72,290 Ereignisse (10s, Rest ca. 2.6 h)
  [  39/1294] 20230311: 14 Laender,  44,677 Ereignisse (9s, Rest ca. 2.6 h)
  [  40/1294] 20230312: 14 Laender,  35,943 Ereignisse (9s, Rest ca. 2.6 h)
  [  41/1294] 20230313: 14 Laender,  60,244 Ereignisse (9s, Rest ca. 2.7 h)
  [  42/1294] 20230314: 14 Laender,  69,509 Ereignisse (7s, Rest ca. 2.7 h)
  [  43/1294] 20230315: 14 Laender,  76,238 Ereignisse (8s, Rest ca. 2.7 h)
  [  44/1294] 20230316: 14 Laender,  73,009 Ereignisse (8s, Rest ca. 2.7 h)
  [  45/1294] 20230317: 14 Laender,  71,344 Ereignisse (8s, Rest ca. 2.7 h)
  [  46/1294] 20230318: 14 Laender,  48,953 Ereignisse (7s, Rest ca. 2.6 h)
  [  47/1294] 20230319: 14 Laender,  40,727 Ereignisse (7s, Rest ca. 2.6 h)
  [  48/1294] 20230320: 14 Laender,  65,658 Ereignisse (8s, Rest ca. 2.6 h)
  [  49/1294] 20230321: 14 Laender,  68,173 Ereignisse (7s, Rest ca. 2.6 h)
  [  50/1294] 20230322: 14 Laender,  40,603 Ereignisse (2s, Rest ca. 2.6 h)
  [  51/1294] 20230323: 14 Laender,  64,063 Ereignisse (9s, Rest ca. 2.6 h)
  [  52/1294] 20230324: 14 Laender, 129,070 Ereignisse (9s, Rest ca. 2.6 h)
  [  53/1294] 20230325: 14 Laender,  79,987 Ereignisse (8s, Rest ca. 2.6 h)
  [  54/1294] 20230326: 14 Laender,  67,211 Ereignisse (8s, Rest ca. 2.6 h)
  [  55/1294] 20230327: 14 Laender, 106,464 Ereignisse (8s, Rest ca. 2.6 h)
  [  56/1294] 20230328: 14 Laender, 115,335 Ereignisse (8s, Rest ca. 2.6 h)
  [  57/1294] 20230329: 14 Laender, 124,555 Ereignisse (9s, Rest ca. 2.6 h)
  [  58/1294] 20230330: 14 Laender, 124,912 Ereignisse (8s, Rest ca. 2.6 h)
  [  59/1294] 20230331: 14 Laender, 117,469 Ereignisse (8s, Rest ca. 2.6 h)
  [  60/1294] 20230401: 14 Laender,  74,509 Ereignisse (8s, Rest ca. 2.6 h)
  [  61/1294] 20230402: 14 Laender,  60,441 Ereignisse (7s, Rest ca. 2.6 h)
  [  62/1294] 20230403: 14 Laender, 102,477 Ereignisse (8s, Rest ca. 2.6 h)
  [  63/1294] 20230404: 14 Laender, 113,905 Ereignisse (9s, Rest ca. 2.6 h)
  [  64/1294] 20230405: 14 Laender, 122,997 Ereignisse (8s, Rest ca. 2.6 h)
  [  65/1294] 20230406: 14 Laender, 116,245 Ereignisse (9s, Rest ca. 2.6 h)
  [  66/1294] 20230407: 14 Laender, 103,860 Ereignisse (8s, Rest ca. 2.6 h)
  [  67/1294] 20230408: 14 Laender,  71,383 Ereignisse (8s, Rest ca. 2.6 h)
  [  68/1294] 20230409: 14 Laender,  56,558 Ereignisse (7s, Rest ca. 2.6 h)
  [  69/1294] 20230410: 14 Laender,  93,621 Ereignisse (8s, Rest ca. 2.6 h)
  [  70/1294] 20230411: 14 Laender, 107,524 Ereignisse (8s, Rest ca. 2.6 h)
  [  71/1294] 20230412: 14 Laender, 111,570 Ereignisse (8s, Rest ca. 2.6 h)
  [  72/1294] 20230413: 14 Laender, 114,098 Ereignisse (8s, Rest ca. 2.6 h)
  [  73/1294] 20230414: 14 Laender, 109,308 Ereignisse (8s, Rest ca. 2.6 h)
  [  74/1294] 20230415: 14 Laender,  64,961 Ereignisse (8s, Rest ca. 2.6 h)
  [  75/1294] 20230416: 14 Laender,  55,148 Ereignisse (8s, Rest ca. 2.6 h)
  [  76/1294] 20230417: 14 Laender,  97,276 Ereignisse (9s, Rest ca. 2.6 h)
  [  77/1294] 20230418: 14 Laender, 110,156 Ereignisse (9s, Rest ca. 2.6 h)
  [  78/1294] 20230419: 14 Laender, 109,787 Ereignisse (8s, Rest ca. 2.6 h)
  [  79/1294] 20230420: 14 Laender, 108,124 Ereignisse (9s, Rest ca. 2.6 h)
  [  80/1294] 20230421: 14 Laender, 103,584 Ereignisse (9s, Rest ca. 2.6 h)
  [  81/1294] 20230422: 14 Laender,  61,648 Ereignisse (8s, Rest ca. 2.6 h)
  [  82/1294] 20230423: 14 Laender,  52,561 Ereignisse (8s, Rest ca. 2.6 h)
  [  83/1294] 20230424: 14 Laender,  92,901 Ereignisse (9s, Rest ca. 2.6 h)
  [  84/1294] 20230425: 14 Laender, 105,325 Ereignisse (8s, Rest ca. 2.6 h)
  [  85/1294] 20230426: 14 Laender, 110,743 Ereignisse (8s, Rest ca. 2.6 h)
  [  86/1294] 20230427: 14 Laender, 110,384 Ereignisse (9s, Rest ca. 2.6 h)
  [  87/1294] 20230428: 14 Laender, 105,168 Ereignisse (9s, Rest ca. 2.6 h)
  [  88/1294] 20230429: 14 Laender,  65,163 Ereignisse (8s, Rest ca. 2.6 h)
  [  89/1294] 20230430: 14 Laender,  56,627 Ereignisse (8s, Rest ca. 2.6 h)
  [  90/1294] 20230501: 14 Laender,  89,521 Ereignisse (8s, Rest ca. 2.6 h)
  [  91/1294] 20230502: 14 Laender, 104,844 Ereignisse (8s, Rest ca. 2.6 h)
  [  92/1294] 20230503: 14 Laender, 113,062 Ereignisse (8s, Rest ca. 2.6 h)
  [  93/1294] 20230504: 14 Laender, 117,339 Ereignisse (9s, Rest ca. 2.6 h)
  [  94/1294] 20230505: 14 Laender, 108,619 Ereignisse (9s, Rest ca. 2.6 h)
  [  95/1294] 20230506: 14 Laender,  64,803 Ereignisse (8s, Rest ca. 2.6 h)
  [  96/1294] 20230507: 14 Laender,  55,549 Ereignisse (8s, Rest ca. 2.6 h)
  [  97/1294] 20230508: 14 Laender,  91,437 Ereignisse (8s, Rest ca. 2.6 h)
  [  98/1294] 20230509: 14 Laender, 109,005 Ereignisse (8s, Rest ca. 2.6 h)
  [  99/1294] 20230510: 14 Laender, 109,580 Ereignisse (9s, Rest ca. 2.6 h)
  [ 100/1294] 20230511: 14 Laender, 111,201 Ereignisse (9s, Rest ca. 2.6 h)
  [ 101/1294] 20230512: 14 Laender, 105,935 Ereignisse (9s, Rest ca. 2.6 h)
  [ 102/1294] 20230513: 14 Laender,  70,779 Ereignisse (7s, Rest ca. 2.6 h)
  [ 103/1294] 20230514: 14 Laender,  57,010 Ereignisse (7s, Rest ca. 2.6 h)
  [ 104/1294] 20230515: 14 Laender,  97,392 Ereignisse (9s, Rest ca. 2.6 h)
  [ 105/1294] 20230516: 14 Laender, 106,341 Ereignisse (9s, Rest ca. 2.6 h)
  [ 106/1294] 20230517: 14 Laender, 112,556 Ereignisse (8s, Rest ca. 2.6 h)
  [ 107/1294] 20230518: 14 Laender, 111,591 Ereignisse (9s, Rest ca. 2.6 h)
  [ 108/1294] 20230519: 14 Laender, 109,615 Ereignisse (9s, Rest ca. 2.6 h)
  [ 109/1294] 20230520: 14 Laender,  72,609 Ereignisse (8s, Rest ca. 2.6 h)
  [ 110/1294] 20230521: 14 Laender,  63,462 Ereignisse (8s, Rest ca. 2.6 h)
  [ 111/1294] 20230522: 14 Laender,  94,855 Ereignisse (8s, Rest ca. 2.6 h)
  [ 112/1294] 20230523: 14 Laender, 101,317 Ereignisse (8s, Rest ca. 2.6 h)
  [ 113/1294] 20230524: 14 Laender, 105,678 Ereignisse (9s, Rest ca. 2.6 h)
  [ 114/1294] 20230525: 14 Laender, 107,783 Ereignisse (8s, Rest ca. 2.6 h)
  [ 115/1294] 20230526: 14 Laender,  97,649 Ereignisse (8s, Rest ca. 2.6 h)
  [ 116/1294] 20230527: 14 Laender,  59,108 Ereignisse (8s, Rest ca. 2.6 h)
  [ 117/1294] 20230528: 14 Laender,  51,708 Ereignisse (7s, Rest ca. 2.6 h)
  [ 118/1294] 20230529: 14 Laender,  65,583 Ereignisse (8s, Rest ca. 2.6 h)
  [ 119/1294] 20230530: 14 Laender,  89,175 Ereignisse (8s, Rest ca. 2.6 h)
  [ 120/1294] 20230531: 14 Laender, 101,215 Ereignisse (9s, Rest ca. 2.6 h)
  [ 121/1294] 20230601: 14 Laender, 105,890 Ereignisse (8s, Rest ca. 2.6 h)
  [ 122/1294] 20230602: 14 Laender,  99,557 Ereignisse (8s, Rest ca. 2.6 h)
  [ 123/1294] 20230603: 14 Laender,  58,976 Ereignisse (8s, Rest ca. 2.6 h)
  [ 124/1294] 20230604: 14 Laender,  53,217 Ereignisse (8s, Rest ca. 2.6 h)
  [ 125/1294] 20230605: 14 Laender,  88,459 Ereignisse (8s, Rest ca. 2.6 h)
  [ 126/1294] 20230606: 14 Laender, 105,097 Ereignisse (8s, Rest ca. 2.6 h)
  [ 127/1294] 20230607: 14 Laender, 105,375 Ereignisse (9s, Rest ca. 2.6 h)
  [ 128/1294] 20230608: 14 Laender, 104,041 Ereignisse (8s, Rest ca. 2.6 h)
  [ 129/1294] 20230609: 14 Laender,  99,618 Ereignisse (8s, Rest ca. 2.6 h)
  [ 130/1294] 20230610: 14 Laender,  62,544 Ereignisse (8s, Rest ca. 2.6 h)
  [ 131/1294] 20230611: 14 Laender,  50,139 Ereignisse (7s, Rest ca. 2.6 h)
  [ 132/1294] 20230612: 14 Laender,  87,813 Ereignisse (8s, Rest ca. 2.6 h)
  [ 133/1294] 20230613: 14 Laender,  96,685 Ereignisse (9s, Rest ca. 2.6 h)
  [ 134/1294] 20230614: 14 Laender, 102,818 Ereignisse (8s, Rest ca. 2.6 h)
  [ 135/1294] 20230615: 14 Laender, 101,818 Ereignisse (9s, Rest ca. 2.6 h)
  [ 136/1294] 20230616: 14 Laender, 100,586 Ereignisse (9s, Rest ca. 2.6 h)
  [ 137/1294] 20230617: 14 Laender,  64,073 Ereignisse (8s, Rest ca. 2.6 h)
  [ 138/1294] 20230618: 14 Laender,  53,081 Ereignisse (8s, Rest ca. 2.6 h)
  [ 139/1294] 20230619: 14 Laender,  82,901 Ereignisse (8s, Rest ca. 2.6 h)
  [ 140/1294] 20230620: 14 Laender, 101,756 Ereignisse (9s, Rest ca. 2.6 h)
  [ 141/1294] 20230621: 14 Laender, 104,259 Ereignisse (9s, Rest ca. 2.6 h)
  [ 142/1294] 20230622: 14 Laender, 107,881 Ereignisse (9s, Rest ca. 2.6 h)
  [ 143/1294] 20230623: 14 Laender,  99,294 Ereignisse (8s, Rest ca. 2.6 h)
  [ 144/1294] 20230624: 14 Laender,  78,818 Ereignisse (8s, Rest ca. 2.6 h)
  [ 145/1294] 20230625: 14 Laender,  59,960 Ereignisse (8s, Rest ca. 2.6 h)
  [ 146/1294] 20230626: 14 Laender,  90,803 Ereignisse (8s, Rest ca. 2.6 h)
  [ 147/1294] 20230627: 14 Laender,  95,701 Ereignisse (9s, Rest ca. 2.5 h)
  [ 148/1294] 20230628: 14 Laender,  94,799 Ereignisse (8s, Rest ca. 2.5 h)
  [ 149/1294] 20230629: 14 Laender,  93,605 Ereignisse (9s, Rest ca. 2.5 h)
  [ 150/1294] 20230630: 14 Laender,  90,608 Ereignisse (9s, Rest ca. 2.5 h)
  [ 151/1294] 20230701: 14 Laender,  54,271 Ereignisse (8s, Rest ca. 2.5 h)
  [ 152/1294] 20230702: 14 Laender,  45,451 Ereignisse (7s, Rest ca. 2.5 h)
  [ 153/1294] 20230703: 14 Laender,  71,294 Ereignisse (8s, Rest ca. 2.5 h)
  [ 154/1294] 20230704: 14 Laender,  69,366 Ereignisse (8s, Rest ca. 2.5 h)
  [ 155/1294] 20230705: 14 Laender,  80,783 Ereignisse (9s, Rest ca. 2.5 h)
  [ 156/1294] 20230706: 14 Laender,  92,164 Ereignisse (9s, Rest ca. 2.5 h)
  [ 157/1294] 20230707: 14 Laender,  89,724 Ereignisse (9s, Rest ca. 2.5 h)
  [ 158/1294] 20230708: 14 Laender,  59,449 Ereignisse (7s, Rest ca. 2.5 h)
  [ 159/1294] 20230709: 14 Laender,  51,245 Ereignisse (7s, Rest ca. 2.5 h)
  [ 160/1294] 20230710: 14 Laender,  86,227 Ereignisse (9s, Rest ca. 2.5 h)
  [ 161/1294] 20230711: 14 Laender,  96,705 Ereignisse (8s, Rest ca. 2.5 h)
  [ 162/1294] 20230712: 14 Laender, 103,010 Ereignisse (9s, Rest ca. 2.5 h)
  [ 163/1294] 20230713: 14 Laender, 101,732 Ereignisse (9s, Rest ca. 2.5 h)
  [ 164/1294] 20230714: 14 Laender,  92,204 Ereignisse (8s, Rest ca. 2.5 h)
  [ 165/1294] 20230715: 14 Laender,  60,038 Ereignisse (8s, Rest ca. 2.5 h)
  [ 166/1294] 20230716: 14 Laender,  50,331 Ereignisse (7s, Rest ca. 2.5 h)
  [ 167/1294] 20230717: 14 Laender,  89,103 Ereignisse (8s, Rest ca. 2.5 h)
  [ 168/1294] 20230718: 14 Laender, 101,008 Ereignisse (8s, Rest ca. 2.5 h)
  [ 169/1294] 20230719: 14 Laender, 107,741 Ereignisse (8s, Rest ca. 2.5 h)
  [ 170/1294] 20230720: 14 Laender, 118,523 Ereignisse (8s, Rest ca. 2.5 h)
  [ 171/1294] 20230721: 14 Laender,  92,004 Ereignisse (8s, Rest ca. 2.5 h)
  [ 172/1294] 20230722: 14 Laender,  55,864 Ereignisse (7s, Rest ca. 2.5 h)
  [ 173/1294] 20230723: 14 Laender,  47,414 Ereignisse (7s, Rest ca. 2.5 h)
  [ 174/1294] 20230724: 14 Laender,  80,422 Ereignisse (8s, Rest ca. 2.5 h)
  [ 175/1294] 20230725: 14 Laender,  93,432 Ereignisse (8s, Rest ca. 2.5 h)
  [ 176/1294] 20230726: 14 Laender,  94,976 Ereignisse (8s, Rest ca. 2.5 h)
  [ 177/1294] 20230727: 14 Laender,  95,212 Ereignisse (7s, Rest ca. 2.5 h)
  [ 178/1294] 20230728: 14 Laender,  85,882 Ereignisse (8s, Rest ca. 2.5 h)
  [ 179/1294] 20230729: 14 Laender,  56,559 Ereignisse (7s, Rest ca. 2.5 h)
  [ 180/1294] 20230730: 14 Laender,  49,504 Ereignisse (7s, Rest ca. 2.5 h)
  [ 181/1294] 20230731: 14 Laender,  80,251 Ereignisse (8s, Rest ca. 2.5 h)
  [ 182/1294] 20230801: 14 Laender,  88,553 Ereignisse (8s, Rest ca. 2.5 h)
  [ 183/1294] 20230802: 14 Laender,  94,988 Ereignisse (8s, Rest ca. 2.5 h)
  [ 184/1294] 20230803: 14 Laender,  93,875 Ereignisse (8s, Rest ca. 2.5 h)
  [ 185/1294] 20230804: 14 Laender,  89,742 Ereignisse (8s, Rest ca. 2.5 h)
  [ 186/1294] 20230805: 14 Laender,  59,718 Ereignisse (7s, Rest ca. 2.5 h)
  [ 187/1294] 20230806: 14 Laender,  50,420 Ereignisse (7s, Rest ca. 2.5 h)
  [ 188/1294] 20230807: 14 Laender,  79,414 Ereignisse (8s, Rest ca. 2.5 h)
  [ 189/1294] 20230808: 14 Laender,  86,240 Ereignisse (7s, Rest ca. 2.4 h)
  [ 190/1294] 20230809: 14 Laender,  87,787 Ereignisse (8s, Rest ca. 2.4 h)
  [ 191/1294] 20230810: 14 Laender,  89,574 Ereignisse (12s, Rest ca. 2.5 h)
  [ 192/1294] 20230811: 14 Laender,  83,066 Ereignisse (8s, Rest ca. 2.4 h)
  [ 193/1294] 20230812: 14 Laender,  53,934 Ereignisse (7s, Rest ca. 2.4 h)
  [ 194/1294] 20230813: 14 Laender,  47,731 Ereignisse (7s, Rest ca. 2.4 h)
  [ 195/1294] 20230814: 14 Laender,  78,542 Ereignisse (8s, Rest ca. 2.4 h)
  [ 196/1294] 20230815: 14 Laender,  85,963 Ereignisse (8s, Rest ca. 2.4 h)
  [ 197/1294] 20230816: 14 Laender,  85,599 Ereignisse (8s, Rest ca. 2.4 h)
  [ 198/1294] 20230817: 14 Laender,  89,862 Ereignisse (8s, Rest ca. 2.4 h)
  [ 199/1294] 20230818: 14 Laender,  87,692 Ereignisse (12s, Rest ca. 2.4 h)
  [ 200/1294] 20230819: 14 Laender,  57,009 Ereignisse (7s, Rest ca. 2.4 h)
  [ 201/1294] 20230820: 14 Laender,  48,775 Ereignisse (10s, Rest ca. 2.4 h)
  [ 202/1294] 20230821: 14 Laender,  83,012 Ereignisse (8s, Rest ca. 2.4 h)
  [ 203/1294] 20230822: 14 Laender,  97,267 Ereignisse (8s, Rest ca. 2.4 h)
  [ 204/1294] 20230823: 14 Laender,  97,699 Ereignisse (8s, Rest ca. 2.4 h)
  [ 205/1294] 20230824: 14 Laender, 106,952 Ereignisse (8s, Rest ca. 2.4 h)
  [ 206/1294] 20230825: 14 Laender,  94,619 Ereignisse (8s, Rest ca. 2.4 h)
  [ 207/1294] 20230826: 14 Laender,  57,635 Ereignisse (7s, Rest ca. 2.4 h)
  [ 208/1294] 20230827: 14 Laender,  48,008 Ereignisse (7s, Rest ca. 2.4 h)
  [ 209/1294] 20230828: 14 Laender,  79,118 Ereignisse (8s, Rest ca. 2.4 h)
  [ 210/1294] 20230829: 14 Laender,  88,409 Ereignisse (8s, Rest ca. 2.4 h)
  [ 211/1294] 20230830: 14 Laender,  92,561 Ereignisse (8s, Rest ca. 2.4 h)
  [ 212/1294] 20230831: 14 Laender,  92,438 Ereignisse (8s, Rest ca. 2.4 h)
  [ 213/1294] 20230901: 14 Laender,  85,928 Ereignisse (8s, Rest ca. 2.4 h)
  [ 214/1294] 20230902: 14 Laender,  51,937 Ereignisse (7s, Rest ca. 2.4 h)
  [ 215/1294] 20230903: 14 Laender,  44,602 Ereignisse (6s, Rest ca. 2.4 h)
  [ 216/1294] 20230904: 14 Laender,  65,940 Ereignisse (7s, Rest ca. 2.4 h)
  [ 217/1294] 20230905: 14 Laender,  86,556 Ereignisse (8s, Rest ca. 2.4 h)
  [ 218/1294] 20230906: 14 Laender,  99,800 Ereignisse (8s, Rest ca. 2.4 h)
  [ 219/1294] 20230907: 14 Laender,  99,187 Ereignisse (8s, Rest ca. 2.4 h)
  [ 220/1294] 20230908: 14 Laender,  98,110 Ereignisse (8s, Rest ca. 2.4 h)
  [ 221/1294] 20230909: 14 Laender,  64,373 Ereignisse (7s, Rest ca. 2.4 h)
  [ 222/1294] 20230910: 14 Laender,  57,731 Ereignisse (7s, Rest ca. 2.4 h)
  [ 223/1294] 20230911: 14 Laender,  88,528 Ereignisse (8s, Rest ca. 2.4 h)
  [ 224/1294] 20230912: 14 Laender,  98,692 Ereignisse (7s, Rest ca. 2.4 h)
  [ 225/1294] 20230913: 14 Laender, 101,437 Ereignisse (7s, Rest ca. 2.4 h)
  [ 226/1294] 20230914: 14 Laender, 100,859 Ereignisse (7s, Rest ca. 2.4 h)
  [ 227/1294] 20230915: 14 Laender,  96,635 Ereignisse (7s, Rest ca. 2.4 h)
  [ 228/1294] 20230916: 14 Laender,  60,924 Ereignisse (6s, Rest ca. 2.4 h)
  [ 229/1294] 20230917: 14 Laender,  51,507 Ereignisse (6s, Rest ca. 2.3 h)
  [ 230/1294] 20230918: 14 Laender,  92,029 Ereignisse (7s, Rest ca. 2.3 h)
  [ 231/1294] 20230919: 14 Laender, 106,640 Ereignisse (7s, Rest ca. 2.3 h)
  [ 232/1294] 20230920: 14 Laender, 112,895 Ereignisse (10s, Rest ca. 2.3 h)
  [ 233/1294] 20230921: 14 Laender, 114,236 Ereignisse (12s, Rest ca. 2.3 h)
  [ 234/1294] 20230922: 14 Laender, 108,151 Ereignisse (9s, Rest ca. 2.3 h)
  [ 235/1294] 20230923: 14 Laender,  64,218 Ereignisse (7s, Rest ca. 2.3 h)
  [ 236/1294] 20230924: 14 Laender,  52,008 Ereignisse (7s, Rest ca. 2.3 h)
  [ 237/1294] 20230925: 14 Laender,  82,115 Ereignisse (8s, Rest ca. 2.3 h)
  [ 238/1294] 20230926: 14 Laender, 100,425 Ereignisse (9s, Rest ca. 2.3 h)
  [ 239/1294] 20230927: 14 Laender,  99,966 Ereignisse (10s, Rest ca. 2.3 h)
  [ 240/1294] 20230928: 14 Laender,  98,919 Ereignisse (10s, Rest ca. 2.3 h)
  [ 241/1294] 20230929: 14 Laender,  95,881 Ereignisse (10s, Rest ca. 2.3 h)
  [ 242/1294] 20230930: 14 Laender,  57,926 Ereignisse (8s, Rest ca. 2.3 h)
  [ 243/1294] 20231001: 14 Laender,  50,764 Ereignisse (8s, Rest ca. 2.3 h)
  [ 244/1294] 20231002: 14 Laender,  78,977 Ereignisse (9s, Rest ca. 2.3 h)
  [ 245/1294] 20231003: 14 Laender,  89,524 Ereignisse (9s, Rest ca. 2.3 h)
  [ 246/1294] 20231004: 14 Laender,  93,074 Ereignisse (9s, Rest ca. 2.3 h)
  [ 247/1294] 20231005: 14 Laender,  99,193 Ereignisse (9s, Rest ca. 2.3 h)
  [ 248/1294] 20231006: 14 Laender,  92,290 Ereignisse (10s, Rest ca. 2.3 h)
  [ 249/1294] 20231007: 14 Laender,  74,635 Ereignisse (8s, Rest ca. 2.3 h)
  [ 250/1294] 20231008: 14 Laender,  76,408 Ereignisse (8s, Rest ca. 2.3 h)
  [ 251/1294] 20231009: 14 Laender, 119,233 Ereignisse (9s, Rest ca. 2.3 h)
  [ 252/1294] 20231010: 14 Laender, 133,096 Ereignisse (9s, Rest ca. 2.3 h)
  [ 253/1294] 20231011: 14 Laender, 137,940 Ereignisse (10s, Rest ca. 2.3 h)
  [ 254/1294] 20231012: 14 Laender, 136,929 Ereignisse (10s, Rest ca. 2.3 h)
  [ 255/1294] 20231013: 14 Laender, 131,652 Ereignisse (10s, Rest ca. 2.3 h)
  [ 256/1294] 20231014: 14 Laender,  82,633 Ereignisse (8s, Rest ca. 2.3 h)
  [ 257/1294] 20231015: 14 Laender,  75,493 Ereignisse (8s, Rest ca. 2.3 h)
  [ 258/1294] 20231016: 14 Laender, 117,391 Ereignisse (10s, Rest ca. 2.3 h)
  [ 259/1294] 20231017: 14 Laender, 128,053 Ereignisse (9s, Rest ca. 2.3 h)
  [ 260/1294] 20231018: 14 Laender, 141,626 Ereignisse (10s, Rest ca. 2.3 h)
  [ 261/1294] 20231019: 14 Laender, 137,756 Ereignisse (10s, Rest ca. 2.3 h)
  [ 262/1294] 20231020: 14 Laender, 127,606 Ereignisse (9s, Rest ca. 2.3 h)
  [ 263/1294] 20231021: 14 Laender,  79,509 Ereignisse (9s, Rest ca. 2.3 h)
  [ 264/1294] 20231022: 14 Laender,  64,758 Ereignisse (9s, Rest ca. 2.3 h)
  [ 265/1294] 20231023: 14 Laender, 106,104 Ereignisse (10s, Rest ca. 2.3 h)
  [ 266/1294] 20231024: 14 Laender, 114,512 Ereignisse (10s, Rest ca. 2.3 h)
  [ 267/1294] 20231025: 14 Laender, 116,172 Ereignisse (10s, Rest ca. 2.3 h)
  [ 268/1294] 20231026: 14 Laender, 119,662 Ereignisse (9s, Rest ca. 2.3 h)
  [ 269/1294] 20231027: 14 Laender, 111,895 Ereignisse (9s, Rest ca. 2.3 h)
  [ 270/1294] 20231028: 14 Laender,  74,527 Ereignisse (8s, Rest ca. 2.3 h)
  [ 271/1294] 20231029: 14 Laender,  64,756 Ereignisse (8s, Rest ca. 2.3 h)
  [ 272/1294] 20231030: 14 Laender, 102,779 Ereignisse (9s, Rest ca. 2.3 h)
  [ 273/1294] 20231031: 14 Laender, 113,081 Ereignisse (10s, Rest ca. 2.3 h)
  [ 274/1294] 20231101: 14 Laender, 114,759 Ereignisse (8s, Rest ca. 2.3 h)
  [ 275/1294] 20231102: 14 Laender, 116,096 Ereignisse (8s, Rest ca. 2.3 h)
  [ 276/1294] 20231103: 14 Laender, 111,029 Ereignisse (8s, Rest ca. 2.3 h)
  [ 277/1294] 20231104: 14 Laender,  75,783 Ereignisse (7s, Rest ca. 2.3 h)
  [ 278/1294] 20231105: 14 Laender,  67,238 Ereignisse (7s, Rest ca. 2.3 h)
  [ 279/1294] 20231106: 14 Laender,  99,546 Ereignisse (7s, Rest ca. 2.3 h)
  [ 280/1294] 20231107: 14 Laender, 107,747 Ereignisse (8s, Rest ca. 2.3 h)
  [ 281/1294] 20231108: 14 Laender, 112,853 Ereignisse (8s, Rest ca. 2.3 h)
  [ 282/1294] 20231109: 14 Laender, 118,101 Ereignisse (8s, Rest ca. 2.3 h)
  [ 283/1294] 20231110: 14 Laender, 107,519 Ereignisse (8s, Rest ca. 2.3 h)
  [ 284/1294] 20231111: 14 Laender,  69,337 Ereignisse (7s, Rest ca. 2.3 h)
  [ 285/1294] 20231112: 14 Laender,  57,598 Ereignisse (7s, Rest ca. 2.3 h)
  [ 286/1294] 20231113: 14 Laender,  86,377 Ereignisse (7s, Rest ca. 2.3 h)
  [ 287/1294] 20231114: 14 Laender, 104,891 Ereignisse (8s, Rest ca. 2.3 h)
  [ 288/1294] 20231115: 14 Laender, 109,528 Ereignisse (8s, Rest ca. 2.3 h)
  [ 289/1294] 20231116: 14 Laender, 111,546 Ereignisse (8s, Rest ca. 2.3 h)
  [ 290/1294] 20231117: 14 Laender, 104,437 Ereignisse (8s, Rest ca. 2.3 h)
  [ 291/1294] 20231118: 14 Laender,  67,140 Ereignisse (7s, Rest ca. 2.2 h)
  [ 292/1294] 20231119: 14 Laender,  56,313 Ereignisse (7s, Rest ca. 2.2 h)
  [ 293/1294] 20231120: 14 Laender,  88,205 Ereignisse (7s, Rest ca. 2.2 h)
  [ 294/1294] 20231121: 14 Laender, 102,557 Ereignisse (7s, Rest ca. 2.2 h)
  [ 295/1294] 20231122: 14 Laender, 103,213 Ereignisse (8s, Rest ca. 2.2 h)
  [ 296/1294] 20231123: 14 Laender,  76,493 Ereignisse (7s, Rest ca. 2.2 h)
  [ 297/1294] 20231124: 14 Laender,  73,151 Ereignisse (7s, Rest ca. 2.2 h)
  [ 298/1294] 20231125: 14 Laender,  55,794 Ereignisse (7s, Rest ca. 2.2 h)
  [ 299/1294] 20231126: 14 Laender,  56,912 Ereignisse (6s, Rest ca. 2.2 h)
  [ 300/1294] 20231127: 14 Laender,  87,804 Ereignisse (7s, Rest ca. 2.2 h)
  [ 301/1294] 20231128: 14 Laender,  98,438 Ereignisse (8s, Rest ca. 2.2 h)
  [ 302/1294] 20231129: 14 Laender, 102,023 Ereignisse (8s, Rest ca. 2.2 h)
  [ 303/1294] 20231130: 14 Laender, 101,200 Ereignisse (8s, Rest ca. 2.2 h)
  [ 304/1294] 20231201: 14 Laender,  96,063 Ereignisse (7s, Rest ca. 2.2 h)
  [ 305/1294] 20231202: 14 Laender,  60,539 Ereignisse (7s, Rest ca. 2.2 h)
  [ 306/1294] 20231203: 14 Laender,  51,521 Ereignisse (7s, Rest ca. 2.2 h)
  [ 307/1294] 20231204: 14 Laender,  79,554 Ereignisse (7s, Rest ca. 2.2 h)
  [ 308/1294] 20231205: 14 Laender,  96,470 Ereignisse (7s, Rest ca. 2.2 h)
  [ 309/1294] 20231206: 14 Laender, 102,927 Ereignisse (8s, Rest ca. 2.2 h)
  [ 310/1294] 20231207: 14 Laender, 106,858 Ereignisse (8s, Rest ca. 2.2 h)
  [ 311/1294] 20231208: 14 Laender,  94,993 Ereignisse (8s, Rest ca. 2.2 h)
  [ 312/1294] 20231209: 14 Laender,  65,580 Ereignisse (7s, Rest ca. 2.2 h)
  [ 313/1294] 20231210: 14 Laender,  56,078 Ereignisse (6s, Rest ca. 2.2 h)
  [ 314/1294] 20231211: 14 Laender,  87,049 Ereignisse (7s, Rest ca. 2.2 h)
  [ 315/1294] 20231212: 14 Laender, 100,214 Ereignisse (8s, Rest ca. 2.2 h)
  [ 316/1294] 20231213: 14 Laender, 100,919 Ereignisse (7s, Rest ca. 2.2 h)
  [ 317/1294] 20231214: 14 Laender, 101,047 Ereignisse (8s, Rest ca. 2.2 h)
  [ 318/1294] 20231215: 14 Laender,  94,996 Ereignisse (7s, Rest ca. 2.2 h)
  [ 319/1294] 20231216: 14 Laender,  59,894 Ereignisse (7s, Rest ca. 2.2 h)
  [ 320/1294] 20231217: 14 Laender,  49,487 Ereignisse (7s, Rest ca. 2.2 h)
  [ 321/1294] 20231218: 14 Laender,  80,289 Ereignisse (7s, Rest ca. 2.2 h)
  [ 322/1294] 20231219: 14 Laender,  88,521 Ereignisse (8s, Rest ca. 2.2 h)
  [ 323/1294] 20231220: 14 Laender,  90,856 Ereignisse (8s, Rest ca. 2.2 h)
  [ 324/1294] 20231221: 14 Laender,  89,610 Ereignisse (8s, Rest ca. 2.1 h)
  [ 325/1294] 20231222: 14 Laender,  80,387 Ereignisse (7s, Rest ca. 2.1 h)
  [ 326/1294] 20231223: 14 Laender,  52,965 Ereignisse (6s, Rest ca. 2.1 h)
  [ 327/1294] 20231224: 14 Laender,  42,060 Ereignisse (6s, Rest ca. 2.1 h)
  [ 328/1294] 20231225: 14 Laender,  44,013 Ereignisse (6s, Rest ca. 2.1 h)
  [ 329/1294] 20231226: 14 Laender,  62,970 Ereignisse (7s, Rest ca. 2.1 h)
  [ 330/1294] 20231227: 14 Laender,  73,434 Ereignisse (7s, Rest ca. 2.1 h)
  [ 331/1294] 20231228: 14 Laender,  76,451 Ereignisse (7s, Rest ca. 2.1 h)
  [ 332/1294] 20231229: 14 Laender,  75,274 Ereignisse (7s, Rest ca. 2.1 h)
  [ 333/1294] 20231230: 14 Laender,  52,185 Ereignisse (6s, Rest ca. 2.1 h)
  [ 334/1294] 20231231: 14 Laender,  45,879 Ereignisse (6s, Rest ca. 2.1 h)
  [ 335/1294] 20240101: 14 Laender,  42,588 Ereignisse (6s, Rest ca. 2.1 h)
  [ 336/1294] 20240102: 14 Laender,  69,707 Ereignisse (7s, Rest ca. 2.1 h)
  [ 337/1294] 20240103: 14 Laender,  80,424 Ereignisse (7s, Rest ca. 2.1 h)
  [ 338/1294] 20240104: 14 Laender,  89,789 Ereignisse (7s, Rest ca. 2.1 h)
  [ 339/1294] 20240105: 14 Laender,  88,327 Ereignisse (7s, Rest ca. 2.1 h)
  [ 340/1294] 20240106: 14 Laender,  61,098 Ereignisse (7s, Rest ca. 2.1 h)
  [ 341/1294] 20240107: 14 Laender,  50,590 Ereignisse (6s, Rest ca. 2.1 h)
  [ 342/1294] 20240108: 14 Laender,  81,249 Ereignisse (7s, Rest ca. 2.1 h)
  [ 343/1294] 20240109: 14 Laender,  92,575 Ereignisse (7s, Rest ca. 2.1 h)
  [ 344/1294] 20240110: 14 Laender,  93,226 Ereignisse (8s, Rest ca. 2.1 h)
  [ 345/1294] 20240111: 14 Laender, 101,200 Ereignisse (11s, Rest ca. 2.1 h)
  [ 346/1294] 20240112: 14 Laender,  95,807 Ereignisse (8s, Rest ca. 2.1 h)
  [ 347/1294] 20240113: 14 Laender,  61,859 Ereignisse (7s, Rest ca. 2.1 h)
  [ 348/1294] 20240114: 14 Laender,  53,450 Ereignisse (7s, Rest ca. 2.1 h)
  [ 349/1294] 20240115: 14 Laender,  74,059 Ereignisse (8s, Rest ca. 2.1 h)
  [ 350/1294] 20240116: 14 Laender,  86,271 Ereignisse (8s, Rest ca. 2.1 h)
  [ 351/1294] 20240117: 14 Laender,  94,579 Ereignisse (8s, Rest ca. 2.1 h)
  [ 352/1294] 20240118: 14 Laender,  98,909 Ereignisse (8s, Rest ca. 2.1 h)
  [ 353/1294] 20240119: 14 Laender,  92,451 Ereignisse (8s, Rest ca. 2.1 h)
  [ 354/1294] 20240120: 14 Laender,  59,684 Ereignisse (7s, Rest ca. 2.1 h)
  [ 355/1294] 20240121: 14 Laender,  52,118 Ereignisse (7s, Rest ca. 2.1 h)
  [ 356/1294] 20240122: 14 Laender,  80,944 Ereignisse (8s, Rest ca. 2.1 h)
  [ 357/1294] 20240123: 14 Laender,  93,328 Ereignisse (8s, Rest ca. 2.1 h)
  [ 358/1294] 20240124: 14 Laender,  97,194 Ereignisse (8s, Rest ca. 2.1 h)
  [ 359/1294] 20240125: 14 Laender, 101,171 Ereignisse (8s, Rest ca. 2.1 h)
  [ 360/1294] 20240126: 14 Laender,  97,747 Ereignisse (8s, Rest ca. 2.1 h)
  [ 361/1294] 20240127: 14 Laender,  64,401 Ereignisse (7s, Rest ca. 2.0 h)
  [ 362/1294] 20240128: 14 Laender,  52,636 Ereignisse (7s, Rest ca. 2.0 h)
  [ 363/1294] 20240129: 14 Laender,  85,510 Ereignisse (8s, Rest ca. 2.0 h)
  [ 364/1294] 20240130: 14 Laender,  93,925 Ereignisse (8s, Rest ca. 2.0 h)
  [ 365/1294] 20240131: 14 Laender,  98,173 Ereignisse (8s, Rest ca. 2.0 h)
  [ 366/1294] 20240201: 14 Laender,  99,333 Ereignisse (8s, Rest ca. 2.0 h)
  [ 367/1294] 20240202: 14 Laender,  90,029 Ereignisse (8s, Rest ca. 2.0 h)
  [ 368/1294] 20240203: 14 Laender,  57,668 Ereignisse (7s, Rest ca. 2.0 h)
  [ 369/1294] 20240204: 14 Laender,  49,284 Ereignisse (7s, Rest ca. 2.0 h)
  [ 370/1294] 20240205: 14 Laender,  78,951 Ereignisse (8s, Rest ca. 2.0 h)
  [ 371/1294] 20240206: 14 Laender,  94,525 Ereignisse (8s, Rest ca. 2.0 h)
  [ 372/1294] 20240207: 14 Laender, 101,920 Ereignisse (8s, Rest ca. 2.0 h)
  [ 373/1294] 20240208: 14 Laender, 101,755 Ereignisse (8s, Rest ca. 2.0 h)
  [ 374/1294] 20240209: 14 Laender,  97,145 Ereignisse (8s, Rest ca. 2.0 h)
  [ 375/1294] 20240210: 14 Laender,  62,965 Ereignisse (7s, Rest ca. 2.0 h)
  [ 376/1294] 20240211: 14 Laender,  54,297 Ereignisse (9s, Rest ca. 2.0 h)
  [ 377/1294] 20240212: 14 Laender,  86,882 Ereignisse (8s, Rest ca. 2.0 h)
  [ 378/1294] 20240213: 14 Laender, 101,040 Ereignisse (9s, Rest ca. 2.0 h)
  [ 379/1294] 20240214: 14 Laender, 102,463 Ereignisse (8s, Rest ca. 2.0 h)
  [ 380/1294] 20240215: 14 Laender, 106,390 Ereignisse (9s, Rest ca. 2.0 h)
  [ 381/1294] 20240216: 14 Laender, 110,079 Ereignisse (8s, Rest ca. 2.0 h)
  [ 382/1294] 20240217: 14 Laender,  72,950 Ereignisse (7s, Rest ca. 2.0 h)
  [ 383/1294] 20240218: 14 Laender,  58,254 Ereignisse (7s, Rest ca. 2.0 h)
  [ 384/1294] 20240219: 14 Laender,  86,286 Ereignisse (8s, Rest ca. 2.0 h)
  [ 385/1294] 20240220: 14 Laender, 102,737 Ereignisse (9s, Rest ca. 2.0 h)
  [ 386/1294] 20240221: 14 Laender, 109,189 Ereignisse (10s, Rest ca. 2.0 h)
  [ 387/1294] 20240222: 14 Laender, 108,016 Ereignisse (9s, Rest ca. 2.0 h)
  [ 388/1294] 20240223: 14 Laender, 106,708 Ereignisse (10s, Rest ca. 2.0 h)
  [ 389/1294] 20240224: 14 Laender,  75,516 Ereignisse (9s, Rest ca. 2.0 h)
  [ 390/1294] 20240225: 14 Laender,  58,186 Ereignisse (8s, Rest ca. 2.0 h)
  [ 391/1294] 20240226: 14 Laender,  93,747 Ereignisse (9s, Rest ca. 2.0 h)
  [ 392/1294] 20240227: 14 Laender, 105,313 Ereignisse (10s, Rest ca. 2.0 h)
  [ 393/1294] 20240228: 14 Laender, 108,364 Ereignisse (9s, Rest ca. 2.0 h)
  [ 394/1294] 20240229: 14 Laender, 104,314 Ereignisse (9s, Rest ca. 2.0 h)
  [ 395/1294] 20240301: 14 Laender, 102,782 Ereignisse (10s, Rest ca. 2.0 h)
  [ 396/1294] 20240302: 14 Laender,  63,700 Ereignisse (8s, Rest ca. 2.0 h)
  [ 397/1294] 20240303: 14 Laender,  55,387 Ereignisse (7s, Rest ca. 2.0 h)
  [ 398/1294] 20240304: 14 Laender,  89,003 Ereignisse (8s, Rest ca. 2.0 h)
  [ 399/1294] 20240305: 14 Laender, 102,436 Ereignisse (9s, Rest ca. 2.0 h)
  [ 400/1294] 20240306: 14 Laender, 107,843 Ereignisse (8s, Rest ca. 2.0 h)
  [ 401/1294] 20240307: 14 Laender, 104,282 Ereignisse (8s, Rest ca. 2.0 h)
  [ 402/1294] 20240308: 14 Laender,  98,018 Ereignisse (8s, Rest ca. 2.0 h)
  [ 403/1294] 20240309: 14 Laender,  63,874 Ereignisse (7s, Rest ca. 2.0 h)
  [ 404/1294] 20240310: 14 Laender,  51,574 Ereignisse (7s, Rest ca. 2.0 h)
  [ 405/1294] 20240311: 14 Laender,  84,494 Ereignisse (8s, Rest ca. 2.0 h)
  [ 406/1294] 20240312: 14 Laender, 100,345 Ereignisse (8s, Rest ca. 2.0 h)
  [ 407/1294] 20240313: 14 Laender,  98,246 Ereignisse (8s, Rest ca. 2.0 h)
  [ 408/1294] 20240314: 14 Laender,  99,667 Ereignisse (8s, Rest ca. 2.0 h)
  [ 409/1294] 20240315: 14 Laender,  97,492 Ereignisse (8s, Rest ca. 1.9 h)
  [ 410/1294] 20240316: 14 Laender,  60,500 Ereignisse (7s, Rest ca. 1.9 h)
  [ 411/1294] 20240317: 14 Laender,  53,359 Ereignisse (7s, Rest ca. 1.9 h)
  [ 412/1294] 20240318: 14 Laender,  86,275 Ereignisse (8s, Rest ca. 1.9 h)
  [ 413/1294] 20240319: 14 Laender, 101,923 Ereignisse (8s, Rest ca. 1.9 h)
  [ 414/1294] 20240320: 14 Laender, 103,871 Ereignisse (8s, Rest ca. 1.9 h)
  [ 415/1294] 20240321: 14 Laender, 103,491 Ereignisse (8s, Rest ca. 1.9 h)
  [ 416/1294] 20240322: 14 Laender, 100,981 Ereignisse (8s, Rest ca. 1.9 h)
  [ 417/1294] 20240323: 14 Laender,  64,643 Ereignisse (7s, Rest ca. 1.9 h)
  [ 418/1294] 20240324: 14 Laender,  55,490 Ereignisse (7s, Rest ca. 1.9 h)
  [ 419/1294] 20240325: 14 Laender,  87,328 Ereignisse (8s, Rest ca. 1.9 h)
  [ 420/1294] 20240326: 14 Laender,  99,160 Ereignisse (8s, Rest ca. 1.9 h)
  [ 421/1294] 20240327: 14 Laender,  98,201 Ereignisse (8s, Rest ca. 1.9 h)
  [ 422/1294] 20240328: 14 Laender,  96,874 Ereignisse (8s, Rest ca. 1.9 h)
  [ 423/1294] 20240329: 14 Laender,  89,819 Ereignisse (8s, Rest ca. 1.9 h)
  [ 424/1294] 20240330: 14 Laender,  55,421 Ereignisse (7s, Rest ca. 1.9 h)
  [ 425/1294] 20240331: 14 Laender,  47,906 Ereignisse (7s, Rest ca. 1.9 h)
  [ 426/1294] 20240401: 14 Laender,  79,701 Ereignisse (7s, Rest ca. 1.9 h)
  [ 427/1294] 20240402: 14 Laender,  97,856 Ereignisse (11s, Rest ca. 1.9 h)
  [ 428/1294] 20240403: 14 Laender,  99,712 Ereignisse (8s, Rest ca. 1.9 h)
  [ 429/1294] 20240404: 14 Laender, 100,368 Ereignisse (8s, Rest ca. 1.9 h)
  [ 430/1294] 20240405: 14 Laender,  92,589 Ereignisse (8s, Rest ca. 1.9 h)
  [ 431/1294] 20240406: 14 Laender,  57,749 Ereignisse (7s, Rest ca. 1.9 h)
  [ 432/1294] 20240407: 14 Laender,  55,197 Ereignisse (7s, Rest ca. 1.9 h)
  [ 433/1294] 20240408: 14 Laender,  85,924 Ereignisse (7s, Rest ca. 1.9 h)
  [ 434/1294] 20240409: 14 Laender,  96,577 Ereignisse (8s, Rest ca. 1.9 h)
  [ 435/1294] 20240410: 14 Laender,  96,826 Ereignisse (8s, Rest ca. 1.9 h)
  [ 436/1294] 20240411: 14 Laender,  95,461 Ereignisse (7s, Rest ca. 1.9 h)
  [ 437/1294] 20240412: 14 Laender,  92,815 Ereignisse (7s, Rest ca. 1.9 h)
  [ 438/1294] 20240413: 14 Laender,  63,441 Ereignisse (6s, Rest ca. 1.9 h)
  [ 439/1294] 20240414: 14 Laender,  67,088 Ereignisse (6s, Rest ca. 1.9 h)
  [ 440/1294] 20240415: 14 Laender,  90,808 Ereignisse (7s, Rest ca. 1.9 h)
  [ 441/1294] 20240416: 14 Laender,  97,528 Ereignisse (7s, Rest ca. 1.9 h)
  [ 442/1294] 20240417: 14 Laender, 100,473 Ereignisse (7s, Rest ca. 1.9 h)
  [ 443/1294] 20240418: 14 Laender,  99,107 Ereignisse (7s, Rest ca. 1.9 h)
  [ 444/1294] 20240419: 14 Laender,  95,369 Ereignisse (7s, Rest ca. 1.9 h)
  [ 445/1294] 20240420: 14 Laender,  64,478 Ereignisse (6s, Rest ca. 1.9 h)
  [ 446/1294] 20240421: 14 Laender,  54,847 Ereignisse (6s, Rest ca. 1.9 h)
  [ 447/1294] 20240422: 14 Laender,  88,896 Ereignisse (7s, Rest ca. 1.9 h)
  [ 448/1294] 20240423: 14 Laender,  97,150 Ereignisse (7s, Rest ca. 1.8 h)
  [ 449/1294] 20240424: 14 Laender, 103,824 Ereignisse (7s, Rest ca. 1.8 h)
  [ 450/1294] 20240425: 14 Laender, 105,947 Ereignisse (7s, Rest ca. 1.8 h)
  [ 451/1294] 20240426: 14 Laender,  99,327 Ereignisse (7s, Rest ca. 1.8 h)
  [ 452/1294] 20240427: 14 Laender,  62,202 Ereignisse (6s, Rest ca. 1.8 h)
  [ 453/1294] 20240428: 14 Laender,  55,346 Ereignisse (6s, Rest ca. 1.8 h)
  [ 454/1294] 20240429: 14 Laender,  87,768 Ereignisse (6s, Rest ca. 1.8 h)
  [ 455/1294] 20240430: 14 Laender,  98,576 Ereignisse (6s, Rest ca. 1.8 h)
  [ 456/1294] 20240501: 14 Laender, 102,072 Ereignisse (7s, Rest ca. 1.8 h)
  [ 457/1294] 20240502: 14 Laender, 105,104 Ereignisse (7s, Rest ca. 1.8 h)
  [ 458/1294] 20240503: 14 Laender,  98,818 Ereignisse (7s, Rest ca. 1.8 h)
  [ 459/1294] 20240504: 14 Laender,  64,479 Ereignisse (6s, Rest ca. 1.8 h)
  [ 460/1294] 20240505: 14 Laender,  55,416 Ereignisse (6s, Rest ca. 1.8 h)
  [ 461/1294] 20240506: 14 Laender,  93,398 Ereignisse (7s, Rest ca. 1.8 h)
  [ 462/1294] 20240507: 14 Laender, 104,557 Ereignisse (6s, Rest ca. 1.8 h)
  [ 463/1294] 20240508: 14 Laender, 103,003 Ereignisse (7s, Rest ca. 1.8 h)
  [ 464/1294] 20240509: 14 Laender, 101,652 Ereignisse (7s, Rest ca. 1.8 h)
  [ 465/1294] 20240510: 14 Laender,  94,511 Ereignisse (7s, Rest ca. 1.8 h)
  [ 466/1294] 20240511: 14 Laender,  60,822 Ereignisse (6s, Rest ca. 1.8 h)
  [ 467/1294] 20240512: 14 Laender,  50,117 Ereignisse (6s, Rest ca. 1.8 h)
  [ 468/1294] 20240513: 14 Laender,  81,583 Ereignisse (7s, Rest ca. 1.8 h)
  [ 469/1294] 20240514: 14 Laender,  93,355 Ereignisse (7s, Rest ca. 1.8 h)
  [ 470/1294] 20240515: 14 Laender,  99,880 Ereignisse (7s, Rest ca. 1.8 h)
  [ 471/1294] 20240516: 14 Laender,  99,134 Ereignisse (7s, Rest ca. 1.8 h)
  [ 472/1294] 20240517: 14 Laender,  92,677 Ereignisse (7s, Rest ca. 1.8 h)
  [ 473/1294] 20240518: 14 Laender,  59,846 Ereignisse (6s, Rest ca. 1.8 h)
  [ 474/1294] 20240519: 14 Laender,  48,641 Ereignisse (6s, Rest ca. 1.8 h)
  [ 475/1294] 20240520: 14 Laender,  82,548 Ereignisse (7s, Rest ca. 1.8 h)
  [ 476/1294] 20240521: 14 Laender,  92,314 Ereignisse (7s, Rest ca. 1.8 h)
  [ 477/1294] 20240522: 14 Laender,  97,838 Ereignisse (7s, Rest ca. 1.8 h)
  [ 478/1294] 20240523: 14 Laender,  95,134 Ereignisse (7s, Rest ca. 1.8 h)
  [ 479/1294] 20240524: 14 Laender,  90,282 Ereignisse (7s, Rest ca. 1.8 h)
  [ 480/1294] 20240525: 14 Laender,  57,103 Ereignisse (6s, Rest ca. 1.8 h)
  [ 481/1294] 20240526: 14 Laender,  49,247 Ereignisse (6s, Rest ca. 1.8 h)
  [ 482/1294] 20240527: 14 Laender,  67,947 Ereignisse (7s, Rest ca. 1.8 h)
  [ 483/1294] 20240528: 14 Laender,  86,955 Ereignisse (7s, Rest ca. 1.8 h)
  [ 484/1294] 20240529: 14 Laender,  94,492 Ereignisse (7s, Rest ca. 1.7 h)
  [ 485/1294] 20240530: 14 Laender,  93,500 Ereignisse (7s, Rest ca. 1.7 h)
  [ 486/1294] 20240531: 14 Laender, 100,243 Ereignisse (7s, Rest ca. 1.7 h)
  [ 487/1294] 20240601: 14 Laender,  62,499 Ereignisse (6s, Rest ca. 1.7 h)
  [ 488/1294] 20240602: 14 Laender,  50,527 Ereignisse (6s, Rest ca. 1.7 h)
  [ 489/1294] 20240603: 14 Laender,  82,351 Ereignisse (7s, Rest ca. 1.7 h)
  [ 490/1294] 20240604: 14 Laender,  88,516 Ereignisse (6s, Rest ca. 1.7 h)
  [ 491/1294] 20240605: 14 Laender,  94,007 Ereignisse (7s, Rest ca. 1.7 h)
  [ 492/1294] 20240606: 14 Laender, 100,583 Ereignisse (7s, Rest ca. 1.7 h)
  [ 493/1294] 20240607: 14 Laender,  91,979 Ereignisse (6s, Rest ca. 1.7 h)
  [ 494/1294] 20240608: 14 Laender,  58,769 Ereignisse (6s, Rest ca. 1.7 h)
  [ 495/1294] 20240609: 14 Laender,  50,517 Ereignisse (6s, Rest ca. 1.7 h)
  [ 496/1294] 20240610: 14 Laender,  79,828 Ereignisse (6s, Rest ca. 1.7 h)
  [ 497/1294] 20240611: 14 Laender,  92,618 Ereignisse (7s, Rest ca. 1.7 h)
  [ 498/1294] 20240612: 14 Laender,  91,235 Ereignisse (6s, Rest ca. 1.7 h)
  [ 499/1294] 20240613: 14 Laender,  95,543 Ereignisse (6s, Rest ca. 1.7 h)
  [ 500/1294] 20240614: 14 Laender,  90,845 Ereignisse (7s, Rest ca. 1.7 h)
  [ 501/1294] 20240615: 14 Laender,  69,050 Ereignisse (6s, Rest ca. 1.7 h)
  [ 502/1294] 20240616: 14 Laender,  58,995 Ereignisse (6s, Rest ca. 1.7 h)
  [ 503/1294] 20240617: 14 Laender,  84,477 Ereignisse (6s, Rest ca. 1.7 h)
  [ 504/1294] 20240618: 14 Laender,  79,981 Ereignisse (7s, Rest ca. 1.7 h)
  [ 505/1294] 20240619: 14 Laender,  80,215 Ereignisse (7s, Rest ca. 1.7 h)
  [ 506/1294] 20240620: 14 Laender,  83,778 Ereignisse (6s, Rest ca. 1.7 h)
  [ 507/1294] 20240621: 14 Laender,  84,819 Ereignisse (7s, Rest ca. 1.7 h)
  [ 508/1294] 20240622: 14 Laender,  51,362 Ereignisse (6s, Rest ca. 1.7 h)
  [ 509/1294] 20240623: 14 Laender,  45,424 Ereignisse (6s, Rest ca. 1.7 h)
  [ 510/1294] 20240624: 14 Laender,  76,914 Ereignisse (6s, Rest ca. 1.7 h)
  [ 511/1294] 20240625: 14 Laender,  86,882 Ereignisse (8s, Rest ca. 1.7 h)
  [ 512/1294] 20240626: 14 Laender,  88,669 Ereignisse (9s, Rest ca. 1.7 h)
  [ 513/1294] 20240627: 14 Laender,  84,706 Ereignisse (9s, Rest ca. 1.7 h)
  [ 514/1294] 20240628: 14 Laender,  82,682 Ereignisse (8s, Rest ca. 1.7 h)
  [ 515/1294] 20240629: 14 Laender,  48,511 Ereignisse (7s, Rest ca. 1.7 h)
  [ 516/1294] 20240630: 14 Laender,  42,191 Ereignisse (6s, Rest ca. 1.7 h)
  [ 517/1294] 20240701: 14 Laender,  71,269 Ereignisse (7s, Rest ca. 1.7 h)
  [ 518/1294] 20240702: 14 Laender,  79,516 Ereignisse (7s, Rest ca. 1.7 h)
  [ 519/1294] 20240703: 14 Laender,  84,211 Ereignisse (8s, Rest ca. 1.7 h)
  [ 520/1294] 20240704: 14 Laender,  66,867 Ereignisse (8s, Rest ca. 1.7 h)
  [ 521/1294] 20240705: 14 Laender,  66,786 Ereignisse (9s, Rest ca. 1.7 h)
  [ 522/1294] 20240706: 14 Laender,  45,523 Ereignisse (7s, Rest ca. 1.7 h)
  [ 523/1294] 20240707: 14 Laender,  42,301 Ereignisse (6s, Rest ca. 1.6 h)
  [ 524/1294] 20240708: 14 Laender,  77,896 Ereignisse (8s, Rest ca. 1.6 h)
  [ 525/1294] 20240709: 14 Laender,  88,565 Ereignisse (7s, Rest ca. 1.6 h)
  [ 526/1294] 20240710: 14 Laender,  90,316 Ereignisse (8s, Rest ca. 1.6 h)
  [ 527/1294] 20240711: 14 Laender,  93,763 Ereignisse (8s, Rest ca. 1.6 h)
  [ 528/1294] 20240712: 14 Laender,  84,527 Ereignisse (7s, Rest ca. 1.6 h)
  [ 529/1294] 20240713: 14 Laender,  53,469 Ereignisse (7s, Rest ca. 1.6 h)
  [ 530/1294] 20240714: 14 Laender,  54,393 Ereignisse (6s, Rest ca. 1.6 h)
  [ 531/1294] 20240715: 14 Laender,  77,997 Ereignisse (7s, Rest ca. 1.6 h)
  [ 532/1294] 20240716: 14 Laender,  86,665 Ereignisse (8s, Rest ca. 1.6 h)
  [ 533/1294] 20240717: 14 Laender,  88,197 Ereignisse (8s, Rest ca. 1.6 h)
  [ 534/1294] 20240718: 14 Laender,  87,268 Ereignisse (8s, Rest ca. 1.6 h)
  [ 535/1294] 20240719: 14 Laender,  87,810 Ereignisse (8s, Rest ca. 1.6 h)
  [ 536/1294] 20240720: 14 Laender,  54,902 Ereignisse (7s, Rest ca. 1.6 h)
  [ 537/1294] 20240721: 14 Laender,  51,673 Ereignisse (7s, Rest ca. 1.6 h)
  [ 538/1294] 20240722: 14 Laender,  83,443 Ereignisse (8s, Rest ca. 1.6 h)
  [ 539/1294] 20240723: 14 Laender,  90,477 Ereignisse (8s, Rest ca. 1.6 h)
  [ 540/1294] 20240724: 14 Laender,  96,760 Ereignisse (8s, Rest ca. 1.6 h)
  [ 541/1294] 20240725: 14 Laender,  95,195 Ereignisse (8s, Rest ca. 1.6 h)
  [ 542/1294] 20240726: 14 Laender,  87,904 Ereignisse (7s, Rest ca. 1.6 h)
  [ 543/1294] 20240727: 14 Laender,  53,499 Ereignisse (7s, Rest ca. 1.6 h)
  [ 544/1294] 20240728: 14 Laender,  41,079 Ereignisse (6s, Rest ca. 1.6 h)
  [ 545/1294] 20240729: 14 Laender,  68,726 Ereignisse (7s, Rest ca. 1.6 h)
  [ 546/1294] 20240730: 14 Laender,  80,810 Ereignisse (7s, Rest ca. 1.6 h)
  [ 547/1294] 20240731: 14 Laender,  90,400 Ereignisse (8s, Rest ca. 1.6 h)
  [ 548/1294] 20240801: 14 Laender,  99,146 Ereignisse (8s, Rest ca. 1.6 h)
  [ 549/1294] 20240802: 14 Laender,  92,391 Ereignisse (7s, Rest ca. 1.6 h)
  [ 550/1294] 20240803: 14 Laender,  52,577 Ereignisse (7s, Rest ca. 1.6 h)
  [ 551/1294] 20240804: 14 Laender,  43,724 Ereignisse (7s, Rest ca. 1.6 h)
  [ 552/1294] 20240805: 14 Laender,  74,720 Ereignisse (7s, Rest ca. 1.6 h)
  [ 553/1294] 20240806: 14 Laender,  84,026 Ereignisse (11s, Rest ca. 1.6 h)
  [ 554/1294] 20240807: 14 Laender,  84,246 Ereignisse (8s, Rest ca. 1.6 h)
  [ 555/1294] 20240808: 14 Laender,  83,280 Ereignisse (9s, Rest ca. 1.6 h)
  [ 556/1294] 20240809: 14 Laender,  80,203 Ereignisse (8s, Rest ca. 1.6 h)
  [ 557/1294] 20240810: 14 Laender,  57,462 Ereignisse (7s, Rest ca. 1.6 h)
  [ 558/1294] 20240811: 14 Laender,  43,751 Ereignisse (6s, Rest ca. 1.6 h)
  [ 559/1294] 20240812: 14 Laender,  73,400 Ereignisse (7s, Rest ca. 1.6 h)
  [ 560/1294] 20240813: 14 Laender,  85,185 Ereignisse (7s, Rest ca. 1.6 h)
  [ 561/1294] 20240814: 14 Laender,  87,512 Ereignisse (7s, Rest ca. 1.6 h)
  [ 562/1294] 20240815: 14 Laender,  89,607 Ereignisse (7s, Rest ca. 1.6 h)
  [ 563/1294] 20240816: 14 Laender,  87,010 Ereignisse (7s, Rest ca. 1.6 h)
  [ 564/1294] 20240817: 14 Laender,  56,593 Ereignisse (6s, Rest ca. 1.6 h)
  [ 565/1294] 20240818: 14 Laender,  47,059 Ereignisse (6s, Rest ca. 1.6 h)
  [ 566/1294] 20240819: 14 Laender,  82,398 Ereignisse (6s, Rest ca. 1.6 h)
  [ 567/1294] 20240820: 14 Laender,  96,472 Ereignisse (6s, Rest ca. 1.5 h)
  [ 568/1294] 20240821: 14 Laender,  91,709 Ereignisse (7s, Rest ca. 1.5 h)
  [ 569/1294] 20240822: 14 Laender,  94,012 Ereignisse (6s, Rest ca. 1.5 h)
  [ 570/1294] 20240823: 14 Laender,  89,636 Ereignisse (10s, Rest ca. 1.5 h)
  [ 571/1294] 20240824: 14 Laender,  56,405 Ereignisse (7s, Rest ca. 1.5 h)
  [ 572/1294] 20240825: 14 Laender,  50,501 Ereignisse (7s, Rest ca. 1.5 h)
  [ 573/1294] 20240826: 14 Laender,  75,474 Ereignisse (8s, Rest ca. 1.5 h)
  [ 574/1294] 20240827: 14 Laender,  89,164 Ereignisse (8s, Rest ca. 1.5 h)
  [ 575/1294] 20240828: 14 Laender,  87,459 Ereignisse (8s, Rest ca. 1.5 h)
  [ 576/1294] 20240829: 14 Laender,  87,444 Ereignisse (8s, Rest ca. 1.5 h)
  [ 577/1294] 20240830: 14 Laender,  83,768 Ereignisse (8s, Rest ca. 1.5 h)
  [ 578/1294] 20240831: 14 Laender,  50,152 Ereignisse (7s, Rest ca. 1.5 h)
  [ 579/1294] 20240901: 14 Laender,  47,526 Ereignisse (6s, Rest ca. 1.5 h)
  [ 580/1294] 20240902: 14 Laender,  62,600 Ereignisse (7s, Rest ca. 1.5 h)
  [ 581/1294] 20240903: 14 Laender,  81,188 Ereignisse (8s, Rest ca. 1.5 h)
  [ 582/1294] 20240904: 14 Laender,  92,111 Ereignisse (8s, Rest ca. 1.5 h)
  [ 583/1294] 20240905: 14 Laender,  91,059 Ereignisse (8s, Rest ca. 1.5 h)
  [ 584/1294] 20240906: 14 Laender,  92,846 Ereignisse (8s, Rest ca. 1.5 h)
  [ 585/1294] 20240907: 14 Laender,  58,996 Ereignisse (7s, Rest ca. 1.5 h)
  [ 586/1294] 20240908: 14 Laender,  48,850 Ereignisse (7s, Rest ca. 1.5 h)
  [ 587/1294] 20240909: 14 Laender,  80,765 Ereignisse (8s, Rest ca. 1.5 h)
  [ 588/1294] 20240910: 14 Laender,  90,623 Ereignisse (8s, Rest ca. 1.5 h)
  [ 589/1294] 20240911: 14 Laender,  98,630 Ereignisse (8s, Rest ca. 1.5 h)
  [ 590/1294] 20240912: 14 Laender,  95,788 Ereignisse (8s, Rest ca. 1.5 h)
  [ 591/1294] 20240913: 14 Laender,  94,891 Ereignisse (9s, Rest ca. 1.5 h)
  [ 592/1294] 20240914: 14 Laender,  57,619 Ereignisse (7s, Rest ca. 1.5 h)
  [ 593/1294] 20240915: 14 Laender,  45,938 Ereignisse (7s, Rest ca. 1.5 h)
  [ 594/1294] 20240916: 14 Laender,  72,047 Ereignisse (7s, Rest ca. 1.5 h)
  [ 595/1294] 20240917: 14 Laender,  82,943 Ereignisse (8s, Rest ca. 1.5 h)
  [ 596/1294] 20240918: 14 Laender,  90,324 Ereignisse (8s, Rest ca. 1.5 h)
  [ 597/1294] 20240919: 14 Laender,  90,552 Ereignisse (8s, Rest ca. 1.5 h)
  [ 598/1294] 20240920: 14 Laender,  88,317 Ereignisse (8s, Rest ca. 1.5 h)
  [ 599/1294] 20240921: 14 Laender,  58,310 Ereignisse (7s, Rest ca. 1.5 h)
  [ 600/1294] 20240922: 14 Laender,  50,049 Ereignisse (7s, Rest ca. 1.5 h)
  [ 601/1294] 20240923: 14 Laender,  83,698 Ereignisse (7s, Rest ca. 1.5 h)
  [ 602/1294] 20240924: 14 Laender,  99,110 Ereignisse (8s, Rest ca. 1.5 h)
  [ 603/1294] 20240925: 14 Laender,  98,160 Ereignisse (8s, Rest ca. 1.5 h)
  [ 604/1294] 20240926: 14 Laender, 102,765 Ereignisse (8s, Rest ca. 1.5 h)
  [ 605/1294] 20240927: 14 Laender,  99,181 Ereignisse (8s, Rest ca. 1.5 h)
  [ 606/1294] 20240928: 14 Laender,  63,493 Ereignisse (7s, Rest ca. 1.5 h)
  [ 607/1294] 20240929: 14 Laender,  52,310 Ereignisse (7s, Rest ca. 1.5 h)
  [ 608/1294] 20240930: 14 Laender,  80,945 Ereignisse (7s, Rest ca. 1.5 h)
  [ 609/1294] 20241001: 14 Laender,  95,896 Ereignisse (8s, Rest ca. 1.5 h)
  [ 610/1294] 20241002: 14 Laender,  99,880 Ereignisse (8s, Rest ca. 1.5 h)
  [ 611/1294] 20241003: 14 Laender,  91,468 Ereignisse (11s, Rest ca. 1.5 h)
  [ 612/1294] 20241004: 14 Laender,  88,731 Ereignisse (7s, Rest ca. 1.5 h)
  [ 613/1294] 20241005: 14 Laender,  55,512 Ereignisse (7s, Rest ca. 1.4 h)
  [ 614/1294] 20241006: 14 Laender,  51,503 Ereignisse (7s, Rest ca. 1.4 h)
  [ 615/1294] 20241007: 14 Laender,  91,464 Ereignisse (8s, Rest ca. 1.4 h)
  [ 616/1294] 20241008: 14 Laender,  97,237 Ereignisse (8s, Rest ca. 1.4 h)
  [ 617/1294] 20241009: 14 Laender,  93,896 Ereignisse (8s, Rest ca. 1.4 h)
  [ 618/1294] 20241010: 14 Laender,  91,934 Ereignisse (8s, Rest ca. 1.4 h)
  [ 619/1294] 20241011: 14 Laender,  86,434 Ereignisse (7s, Rest ca. 1.4 h)
  [ 620/1294] 20241012: 14 Laender,  53,376 Ereignisse (6s, Rest ca. 1.4 h)
  [ 621/1294] 20241013: 14 Laender,  46,463 Ereignisse (6s, Rest ca. 1.4 h)
  [ 622/1294] 20241014: 14 Laender,  76,854 Ereignisse (6s, Rest ca. 1.4 h)
  [ 623/1294] 20241015: 14 Laender,  89,049 Ereignisse (7s, Rest ca. 1.4 h)
  [ 624/1294] 20241016: 14 Laender,  96,337 Ereignisse (7s, Rest ca. 1.4 h)
  [ 625/1294] 20241017: 14 Laender,  93,679 Ereignisse (10s, Rest ca. 1.4 h)
  [ 626/1294] 20241018: 14 Laender,  93,094 Ereignisse (7s, Rest ca. 1.4 h)
  [ 627/1294] 20241019: 14 Laender,  59,622 Ereignisse (9s, Rest ca. 1.4 h)
  [ 628/1294] 20241020: 14 Laender,  47,696 Ereignisse (7s, Rest ca. 1.4 h)
  [ 629/1294] 20241021: 14 Laender,  80,616 Ereignisse (8s, Rest ca. 1.4 h)
  [ 630/1294] 20241022: 14 Laender,  95,096 Ereignisse (9s, Rest ca. 1.4 h)
  [ 631/1294] 20241023: 14 Laender, 100,682 Ereignisse (8s, Rest ca. 1.4 h)
  [ 632/1294] 20241024: 14 Laender,  97,378 Ereignisse (9s, Rest ca. 1.4 h)
  [ 633/1294] 20241025: 14 Laender,  93,850 Ereignisse (9s, Rest ca. 1.4 h)
  [ 634/1294] 20241026: 14 Laender,  61,264 Ereignisse (7s, Rest ca. 1.4 h)
  [ 635/1294] 20241027: 14 Laender,  47,767 Ereignisse (7s, Rest ca. 1.4 h)
  [ 636/1294] 20241028: 14 Laender,  77,106 Ereignisse (8s, Rest ca. 1.4 h)
  [ 637/1294] 20241029: 14 Laender,  87,457 Ereignisse (8s, Rest ca. 1.4 h)
  [ 638/1294] 20241030: 14 Laender,  84,464 Ereignisse (8s, Rest ca. 1.4 h)
  [ 639/1294] 20241031: 14 Laender,  83,958 Ereignisse (8s, Rest ca. 1.4 h)
  [ 640/1294] 20241101: 14 Laender,  87,040 Ereignisse (8s, Rest ca. 1.4 h)
  [ 641/1294] 20241102: 14 Laender,  54,644 Ereignisse (7s, Rest ca. 1.4 h)
  [ 642/1294] 20241103: 14 Laender,  44,674 Ereignisse (7s, Rest ca. 1.4 h)
  [ 643/1294] 20241104: 14 Laender,  77,656 Ereignisse (8s, Rest ca. 1.4 h)
  [ 644/1294] 20241105: 14 Laender,  88,269 Ereignisse (8s, Rest ca. 1.4 h)
  [ 645/1294] 20241106: 14 Laender, 108,507 Ereignisse (8s, Rest ca. 1.4 h)
  [ 646/1294] 20241107: 14 Laender,  94,509 Ereignisse (8s, Rest ca. 1.4 h)
  [ 647/1294] 20241108: 14 Laender,  82,459 Ereignisse (8s, Rest ca. 1.4 h)
  [ 648/1294] 20241109: 14 Laender,  53,456 Ereignisse (7s, Rest ca. 1.4 h)
  [ 649/1294] 20241110: 14 Laender,  44,222 Ereignisse (7s, Rest ca. 1.4 h)
  [ 650/1294] 20241111: 14 Laender,  71,056 Ereignisse (8s, Rest ca. 1.4 h)
  [ 651/1294] 20241112: 14 Laender,  83,335 Ereignisse (8s, Rest ca. 1.4 h)
  [ 652/1294] 20241113: 14 Laender,  89,960 Ereignisse (9s, Rest ca. 1.4 h)
  [ 653/1294] 20241114: 14 Laender,  87,808 Ereignisse (8s, Rest ca. 1.4 h)
  [ 654/1294] 20241115: 14 Laender,  85,012 Ereignisse (8s, Rest ca. 1.4 h)
  [ 655/1294] 20241116: 14 Laender,  55,617 Ereignisse (7s, Rest ca. 1.4 h)
  [ 656/1294] 20241117: 14 Laender,  48,495 Ereignisse (7s, Rest ca. 1.4 h)
  [ 657/1294] 20241118: 14 Laender,  80,610 Ereignisse (8s, Rest ca. 1.4 h)
  [ 658/1294] 20241119: 14 Laender,  93,260 Ereignisse (8s, Rest ca. 1.4 h)
  [ 659/1294] 20241120: 14 Laender,  92,195 Ereignisse (8s, Rest ca. 1.4 h)
  [ 660/1294] 20241121: 14 Laender,  97,664 Ereignisse (8s, Rest ca. 1.3 h)
  [ 661/1294] 20241122: 14 Laender,  89,297 Ereignisse (8s, Rest ca. 1.3 h)
  [ 662/1294] 20241123: 14 Laender,  55,113 Ereignisse (7s, Rest ca. 1.3 h)
  [ 663/1294] 20241124: 14 Laender,  46,212 Ereignisse (7s, Rest ca. 1.3 h)
  [ 664/1294] 20241125: 14 Laender,  73,959 Ereignisse (8s, Rest ca. 1.3 h)
  [ 665/1294] 20241126: 14 Laender,  86,619 Ereignisse (8s, Rest ca. 1.3 h)
  [ 666/1294] 20241127: 14 Laender,  83,823 Ereignisse (10s, Rest ca. 1.3 h)
  [ 667/1294] 20241128: 14 Laender,  66,047 Ereignisse (9s, Rest ca. 1.3 h)
  [ 668/1294] 20241129: 14 Laender,  59,427 Ereignisse (8s, Rest ca. 1.3 h)
  [ 669/1294] 20241130: 14 Laender,  49,728 Ereignisse (8s, Rest ca. 1.3 h)
  [ 670/1294] 20241201: 14 Laender,  46,247 Ereignisse (7s, Rest ca. 1.3 h)
  [ 671/1294] 20241202: 14 Laender,  77,710 Ereignisse (10s, Rest ca. 1.3 h)
  [ 672/1294] 20241203: 14 Laender,  90,764 Ereignisse (9s, Rest ca. 1.3 h)
  [ 673/1294] 20241204: 14 Laender,  88,656 Ereignisse (8s, Rest ca. 1.3 h)
  [ 674/1294] 20241205: 14 Laender,  87,600 Ereignisse (8s, Rest ca. 1.3 h)
  [ 675/1294] 20241206: 14 Laender,  83,483 Ereignisse (8s, Rest ca. 1.3 h)
  [ 676/1294] 20241207: 14 Laender,  57,028 Ereignisse (7s, Rest ca. 1.3 h)
  [ 677/1294] 20241208: 14 Laender,  49,046 Ereignisse (7s, Rest ca. 1.3 h)
  [ 678/1294] 20241209: 14 Laender,  79,279 Ereignisse (9s, Rest ca. 1.3 h)
  [ 679/1294] 20241210: 14 Laender,  90,145 Ereignisse (8s, Rest ca. 1.3 h)
  [ 680/1294] 20241211: 14 Laender,  89,339 Ereignisse (8s, Rest ca. 1.3 h)
  [ 681/1294] 20241212: 14 Laender,  90,569 Ereignisse (8s, Rest ca. 1.3 h)
  [ 682/1294] 20241213: 14 Laender,  83,924 Ereignisse (8s, Rest ca. 1.3 h)
  [ 683/1294] 20241214: 14 Laender,  53,433 Ereignisse (7s, Rest ca. 1.3 h)
  [ 684/1294] 20241215: 14 Laender,  43,381 Ereignisse (7s, Rest ca. 1.3 h)
  [ 685/1294] 20241216: 14 Laender,  71,409 Ereignisse (7s, Rest ca. 1.3 h)
  [ 686/1294] 20241217: 14 Laender,  87,878 Ereignisse (8s, Rest ca. 1.3 h)
  [ 687/1294] 20241218: 14 Laender,  83,173 Ereignisse (8s, Rest ca. 1.3 h)
  [ 688/1294] 20241219: 14 Laender,  84,602 Ereignisse (8s, Rest ca. 1.3 h)
  [ 689/1294] 20241220: 14 Laender,  82,633 Ereignisse (8s, Rest ca. 1.3 h)
  [ 690/1294] 20241221: 14 Laender,  52,694 Ereignisse (7s, Rest ca. 1.3 h)
  [ 691/1294] 20241222: 14 Laender,  41,102 Ereignisse (7s, Rest ca. 1.3 h)
  [ 692/1294] 20241223: 14 Laender,  63,391 Ereignisse (7s, Rest ca. 1.3 h)
  [ 693/1294] 20241224: 14 Laender,  61,238 Ereignisse (7s, Rest ca. 1.3 h)
  [ 694/1294] 20241225: 14 Laender,  41,638 Ereignisse (6s, Rest ca. 1.3 h)
  [ 695/1294] 20241226: 14 Laender,  53,761 Ereignisse (7s, Rest ca. 1.3 h)
  [ 696/1294] 20241227: 14 Laender,  60,101 Ereignisse (8s, Rest ca. 1.3 h)
  [ 697/1294] 20241228: 14 Laender,  44,803 Ereignisse (7s, Rest ca. 1.3 h)
  [ 698/1294] 20241229: 14 Laender,  39,378 Ereignisse (7s, Rest ca. 1.3 h)
  [ 699/1294] 20241230: 14 Laender,  62,332 Ereignisse (7s, Rest ca. 1.3 h)
  [ 700/1294] 20241231: 14 Laender,  62,998 Ereignisse (7s, Rest ca. 1.3 h)
  [ 701/1294] 20250101: 14 Laender,  45,554 Ereignisse (7s, Rest ca. 1.3 h)
  [ 702/1294] 20250102: 14 Laender,  55,858 Ereignisse (7s, Rest ca. 1.3 h)
  [ 703/1294] 20250103: 14 Laender,  65,737 Ereignisse (9s, Rest ca. 1.3 h)
  [ 704/1294] 20250104: 14 Laender,  47,412 Ereignisse (7s, Rest ca. 1.3 h)
  [ 705/1294] 20250105: 14 Laender,  39,928 Ereignisse (7s, Rest ca. 1.3 h)
  [ 706/1294] 20250106: 14 Laender,  64,980 Ereignisse (8s, Rest ca. 1.3 h)
  [ 707/1294] 20250107: 14 Laender,  75,852 Ereignisse (8s, Rest ca. 1.2 h)
  [ 708/1294] 20250108: 14 Laender,  81,216 Ereignisse (8s, Rest ca. 1.2 h)
  [ 709/1294] 20250109: 14 Laender,  85,161 Ereignisse (8s, Rest ca. 1.2 h)
  [ 710/1294] 20250110: 14 Laender,  81,068 Ereignisse (8s, Rest ca. 1.2 h)
  [ 711/1294] 20250111: 14 Laender,  50,928 Ereignisse (7s, Rest ca. 1.2 h)
  [ 712/1294] 20250112: 14 Laender,  42,406 Ereignisse (7s, Rest ca. 1.2 h)
  [ 713/1294] 20250113: 14 Laender,  72,032 Ereignisse (8s, Rest ca. 1.2 h)
  [ 714/1294] 20250114: 14 Laender,  82,837 Ereignisse (8s, Rest ca. 1.2 h)
  [ 715/1294] 20250115: 14 Laender,  94,420 Ereignisse (8s, Rest ca. 1.2 h)
  [ 716/1294] 20250116: 14 Laender,  99,591 Ereignisse (8s, Rest ca. 1.2 h)
  [ 717/1294] 20250117: 14 Laender,  92,788 Ereignisse (8s, Rest ca. 1.2 h)
  [ 718/1294] 20250118: 14 Laender,  60,641 Ereignisse (7s, Rest ca. 1.2 h)
  [ 719/1294] 20250119: 14 Laender,  51,328 Ereignisse (7s, Rest ca. 1.2 h)
  [ 720/1294] 20250120: 14 Laender,  76,370 Ereignisse (8s, Rest ca. 1.2 h)
  [ 721/1294] 20250121: 14 Laender,  95,034 Ereignisse (12s, Rest ca. 1.2 h)
  [ 722/1294] 20250122: 14 Laender,  95,936 Ereignisse (8s, Rest ca. 1.2 h)
  [ 723/1294] 20250123: 14 Laender,  94,903 Ereignisse (8s, Rest ca. 1.2 h)
  [ 724/1294] 20250124: 14 Laender,  92,117 Ereignisse (8s, Rest ca. 1.2 h)
  [ 725/1294] 20250125: 14 Laender,  67,077 Ereignisse (7s, Rest ca. 1.2 h)
  [ 726/1294] 20250126: 14 Laender,  51,500 Ereignisse (7s, Rest ca. 1.2 h)
  [ 727/1294] 20250127: 14 Laender,  80,494 Ereignisse (8s, Rest ca. 1.2 h)
  [ 728/1294] 20250128: 14 Laender,  91,389 Ereignisse (8s, Rest ca. 1.2 h)
  [ 729/1294] 20250129: 14 Laender,  93,041 Ereignisse (8s, Rest ca. 1.2 h)
  [ 730/1294] 20250130: 14 Laender,  90,215 Ereignisse (8s, Rest ca. 1.2 h)
  [ 731/1294] 20250131: 14 Laender,  83,423 Ereignisse (8s, Rest ca. 1.2 h)
  [ 732/1294] 20250201: 14 Laender,  61,294 Ereignisse (8s, Rest ca. 1.2 h)
  [ 733/1294] 20250202: 14 Laender,  50,235 Ereignisse (7s, Rest ca. 1.2 h)
  [ 734/1294] 20250203: 14 Laender,  78,954 Ereignisse (8s, Rest ca. 1.2 h)
  [ 735/1294] 20250204: 14 Laender,  93,138 Ereignisse (8s, Rest ca. 1.2 h)
  [ 736/1294] 20250205: 14 Laender, 106,434 Ereignisse (9s, Rest ca. 1.2 h)
  [ 737/1294] 20250206: 14 Laender, 100,717 Ereignisse (8s, Rest ca. 1.2 h)
  [ 738/1294] 20250207: 14 Laender,  88,834 Ereignisse (8s, Rest ca. 1.2 h)
  [ 739/1294] 20250208: 14 Laender,  60,477 Ereignisse (7s, Rest ca. 1.2 h)
  [ 740/1294] 20250209: 14 Laender,  46,972 Ereignisse (8s, Rest ca. 1.2 h)
  [ 741/1294] 20250210: 14 Laender,  73,509 Ereignisse (8s, Rest ca. 1.2 h)
  [ 742/1294] 20250211: 14 Laender,  94,294 Ereignisse (9s, Rest ca. 1.2 h)
  [ 743/1294] 20250212: 14 Laender, 105,442 Ereignisse (8s, Rest ca. 1.2 h)
  [ 744/1294] 20250213: 14 Laender, 108,214 Ereignisse (8s, Rest ca. 1.2 h)
  [ 745/1294] 20250214: 14 Laender, 103,759 Ereignisse (8s, Rest ca. 1.2 h)
  [ 746/1294] 20250215: 14 Laender,  69,033 Ereignisse (7s, Rest ca. 1.2 h)
  [ 747/1294] 20250216: 14 Laender,  58,860 Ereignisse (7s, Rest ca. 1.2 h)
  [ 748/1294] 20250217: 14 Laender,  87,908 Ereignisse (8s, Rest ca. 1.2 h)
  [ 749/1294] 20250218: 14 Laender, 100,566 Ereignisse (9s, Rest ca. 1.2 h)
  [ 750/1294] 20250219: 14 Laender, 104,133 Ereignisse (8s, Rest ca. 1.2 h)
  [ 751/1294] 20250220: 14 Laender, 103,428 Ereignisse (8s, Rest ca. 1.2 h)
  [ 752/1294] 20250221: 14 Laender,  97,118 Ereignisse (8s, Rest ca. 1.2 h)
  [ 753/1294] 20250222: 14 Laender,  64,889 Ereignisse (7s, Rest ca. 1.2 h)
  [ 754/1294] 20250223: 14 Laender,  52,019 Ereignisse (7s, Rest ca. 1.2 h)
  [ 755/1294] 20250224: 14 Laender,  91,621 Ereignisse (8s, Rest ca. 1.1 h)
  [ 756/1294] 20250225: 14 Laender,  99,905 Ereignisse (8s, Rest ca. 1.1 h)
  [ 757/1294] 20250226: 14 Laender,  96,387 Ereignisse (8s, Rest ca. 1.1 h)
  [ 758/1294] 20250227: 14 Laender,  99,955 Ereignisse (8s, Rest ca. 1.1 h)
  [ 759/1294] 20250228: 14 Laender, 104,825 Ereignisse (8s, Rest ca. 1.1 h)
  [ 760/1294] 20250301: 14 Laender,  80,408 Ereignisse (8s, Rest ca. 1.1 h)
  [ 761/1294] 20250302: 14 Laender,  61,399 Ereignisse (7s, Rest ca. 1.1 h)
  [ 762/1294] 20250303: 14 Laender,  89,647 Ereignisse (8s, Rest ca. 1.1 h)
  [ 763/1294] 20250304: 14 Laender, 105,832 Ereignisse (8s, Rest ca. 1.1 h)
  [ 764/1294] 20250305: 14 Laender, 108,707 Ereignisse (8s, Rest ca. 1.1 h)
  [ 765/1294] 20250306: 14 Laender, 104,586 Ereignisse (8s, Rest ca. 1.1 h)
  [ 766/1294] 20250307: 14 Laender,  97,132 Ereignisse (9s, Rest ca. 1.1 h)
  [ 767/1294] 20250308: 14 Laender,  61,626 Ereignisse (7s, Rest ca. 1.1 h)
  [ 768/1294] 20250309: 14 Laender,  50,237 Ereignisse (8s, Rest ca. 1.1 h)
  [ 769/1294] 20250310: 14 Laender,  83,933 Ereignisse (8s, Rest ca. 1.1 h)
  [ 770/1294] 20250311: 14 Laender,  99,168 Ereignisse (8s, Rest ca. 1.1 h)
  [ 771/1294] 20250312: 14 Laender, 104,199 Ereignisse (8s, Rest ca. 1.1 h)
  [ 772/1294] 20250313: 14 Laender, 103,159 Ereignisse (8s, Rest ca. 1.1 h)
  [ 773/1294] 20250314: 14 Laender,  97,571 Ereignisse (9s, Rest ca. 1.1 h)
  [ 774/1294] 20250315: 14 Laender,  64,373 Ereignisse (7s, Rest ca. 1.1 h)
  [ 775/1294] 20250316: 14 Laender,  50,846 Ereignisse (7s, Rest ca. 1.1 h)
  [ 776/1294] 20250317: 14 Laender,  85,227 Ereignisse (8s, Rest ca. 1.1 h)
  [ 777/1294] 20250318: 14 Laender, 100,150 Ereignisse (8s, Rest ca. 1.1 h)
  [ 778/1294] 20250319: 14 Laender, 104,922 Ereignisse (8s, Rest ca. 1.1 h)
  [ 779/1294] 20250320: 14 Laender,  99,185 Ereignisse (8s, Rest ca. 1.1 h)
  [ 780/1294] 20250321: 14 Laender,  93,386 Ereignisse (8s, Rest ca. 1.1 h)
  [ 781/1294] 20250322: 14 Laender,  59,365 Ereignisse (7s, Rest ca. 1.1 h)
  [ 782/1294] 20250323: 14 Laender,  50,070 Ereignisse (7s, Rest ca. 1.1 h)
  [ 783/1294] 20250324: 14 Laender,  86,116 Ereignisse (8s, Rest ca. 1.1 h)
  [ 784/1294] 20250325: 14 Laender,  97,799 Ereignisse (8s, Rest ca. 1.1 h)
  [ 785/1294] 20250326: 14 Laender,  95,520 Ereignisse (8s, Rest ca. 1.1 h)
  [ 786/1294] 20250327: 14 Laender,  97,438 Ereignisse (8s, Rest ca. 1.1 h)
  [ 787/1294] 20250328: 14 Laender,  93,067 Ereignisse (8s, Rest ca. 1.1 h)
  [ 788/1294] 20250329: 14 Laender,  56,812 Ereignisse (7s, Rest ca. 1.1 h)
  [ 789/1294] 20250330: 14 Laender,  46,527 Ereignisse (7s, Rest ca. 1.1 h)
  [ 790/1294] 20250331: 14 Laender,  72,750 Ereignisse (8s, Rest ca. 1.1 h)
  [ 791/1294] 20250401: 14 Laender,  84,906 Ereignisse (8s, Rest ca. 1.1 h)
  [ 792/1294] 20250402: 14 Laender,  88,370 Ereignisse (8s, Rest ca. 1.1 h)
  [ 793/1294] 20250403: 14 Laender,  88,869 Ereignisse (8s, Rest ca. 1.1 h)
  [ 794/1294] 20250404: 14 Laender,  86,791 Ereignisse (8s, Rest ca. 1.1 h)
  [ 795/1294] 20250405: 14 Laender,  56,915 Ereignisse (7s, Rest ca. 1.1 h)
  [ 796/1294] 20250406: 14 Laender,  47,067 Ereignisse (7s, Rest ca. 1.1 h)
  [ 797/1294] 20250407: 14 Laender,  76,570 Ereignisse (8s, Rest ca. 1.1 h)
  [ 798/1294] 20250408: 14 Laender,  88,818 Ereignisse (8s, Rest ca. 1.1 h)
  [ 799/1294] 20250409: 14 Laender,  88,566 Ereignisse (8s, Rest ca. 1.1 h)
  [ 800/1294] 20250410: 14 Laender,  94,082 Ereignisse (8s, Rest ca. 1.1 h)
  [ 801/1294] 20250411: 14 Laender,  93,161 Ereignisse (8s, Rest ca. 1.1 h)
  [ 802/1294] 20250412: 14 Laender,  57,242 Ereignisse (7s, Rest ca. 1.1 h)
  [ 803/1294] 20250413: 14 Laender,  43,461 Ereignisse (7s, Rest ca. 1.0 h)
  [ 804/1294] 20250414: 14 Laender,  74,780 Ereignisse (8s, Rest ca. 1.0 h)
  [ 805/1294] 20250415: 14 Laender,  89,592 Ereignisse (8s, Rest ca. 1.0 h)
  [ 806/1294] 20250416: 14 Laender,  91,264 Ereignisse (8s, Rest ca. 1.0 h)
  [ 807/1294] 20250417: 14 Laender,  94,986 Ereignisse (8s, Rest ca. 1.0 h)
  [ 808/1294] 20250418: 14 Laender,  87,332 Ereignisse (8s, Rest ca. 1.0 h)
  [ 809/1294] 20250419: 14 Laender,  59,750 Ereignisse (7s, Rest ca. 1.0 h)
  [ 810/1294] 20250420: 14 Laender,  49,243 Ereignisse (7s, Rest ca. 1.0 h)
  [ 811/1294] 20250421: 14 Laender,  83,428 Ereignisse (9s, Rest ca. 1.0 h)
  [ 812/1294] 20250422: 14 Laender,  94,303 Ereignisse (8s, Rest ca. 1.0 h)
  [ 813/1294] 20250423: 14 Laender, 108,955 Ereignisse (8s, Rest ca. 1.0 h)
  [ 814/1294] 20250424: 14 Laender, 109,834 Ereignisse (9s, Rest ca. 1.0 h)
  [ 815/1294] 20250425: 14 Laender, 104,762 Ereignisse (8s, Rest ca. 1.0 h)
  [ 816/1294] 20250426: 14 Laender,  70,923 Ereignisse (8s, Rest ca. 1.0 h)
  [ 817/1294] 20250427: 14 Laender,  52,526 Ereignisse (7s, Rest ca. 1.0 h)
  [ 818/1294] 20250428: 14 Laender,  81,590 Ereignisse (8s, Rest ca. 1.0 h)
  [ 819/1294] 20250429: 14 Laender,  90,669 Ereignisse (9s, Rest ca. 1.0 h)
  [ 820/1294] 20250430: 14 Laender,  96,702 Ereignisse (8s, Rest ca. 1.0 h)
  [ 821/1294] 20250501: 14 Laender,  91,902 Ereignisse (8s, Rest ca. 1.0 h)
  [ 822/1294] 20250502: 14 Laender,  85,656 Ereignisse (8s, Rest ca. 1.0 h)
  [ 823/1294] 20250503: 14 Laender,  55,741 Ereignisse (7s, Rest ca. 1.0 h)
  [ 824/1294] 20250504: 14 Laender,  47,847 Ereignisse (7s, Rest ca. 1.0 h)
  [ 825/1294] 20250505: 14 Laender,  78,536 Ereignisse (8s, Rest ca. 1.0 h)
  [ 826/1294] 20250506: 14 Laender,  91,836 Ereignisse (8s, Rest ca. 1.0 h)
  [ 827/1294] 20250507: 14 Laender, 114,540 Ereignisse (9s, Rest ca. 1.0 h)
  [ 828/1294] 20250508: 14 Laender, 105,576 Ereignisse (8s, Rest ca. 1.0 h)
  [ 829/1294] 20250509: 14 Laender, 104,583 Ereignisse (8s, Rest ca. 1.0 h)
  [ 830/1294] 20250510: 14 Laender,  78,366 Ereignisse (9s, Rest ca. 1.0 h)
  [ 831/1294] 20250511: 14 Laender,  62,791 Ereignisse (8s, Rest ca. 1.0 h)
  [ 832/1294] 20250512: 14 Laender,  98,936 Ereignisse (8s, Rest ca. 1.0 h)
  [ 833/1294] 20250513: 14 Laender, 100,935 Ereignisse (8s, Rest ca. 1.0 h)
  [ 834/1294] 20250514: 14 Laender, 102,224 Ereignisse (8s, Rest ca. 1.0 h)
  [ 835/1294] 20250515: 14 Laender, 108,400 Ereignisse (9s, Rest ca. 1.0 h)
  [ 836/1294] 20250516: 14 Laender, 100,962 Ereignisse (9s, Rest ca. 1.0 h)
  [ 837/1294] 20250517: 14 Laender,  65,374 Ereignisse (8s, Rest ca. 1.0 h)
  [ 838/1294] 20250518: 14 Laender,  56,439 Ereignisse (7s, Rest ca. 1.0 h)
  [ 839/1294] 20250519: 14 Laender,  87,321 Ereignisse (8s, Rest ca. 1.0 h)
  [ 840/1294] 20250520: 14 Laender,  96,245 Ereignisse (8s, Rest ca. 1.0 h)
  [ 841/1294] 20250521: 14 Laender, 100,367 Ereignisse (8s, Rest ca. 1.0 h)
  [ 842/1294] 20250522: 14 Laender, 103,552 Ereignisse (8s, Rest ca. 1.0 h)
  [ 843/1294] 20250523: 14 Laender,  94,457 Ereignisse (9s, Rest ca. 1.0 h)
  [ 844/1294] 20250524: 14 Laender,  57,957 Ereignisse (7s, Rest ca. 1.0 h)
  [ 845/1294] 20250525: 14 Laender,  47,848 Ereignisse (7s, Rest ca. 1.0 h)
  [ 846/1294] 20250526: 14 Laender,  66,207 Ereignisse (8s, Rest ca. 1.0 h)
  [ 847/1294] 20250527: 14 Laender,  81,750 Ereignisse (8s, Rest ca. 1.0 h)
  [ 848/1294] 20250528: 14 Laender,  92,429 Ereignisse (8s, Rest ca. 1.0 h)
  [ 849/1294] 20250529: 14 Laender,  92,730 Ereignisse (8s, Rest ca. 1.0 h)
  [ 850/1294] 20250530: 14 Laender,  87,599 Ereignisse (8s, Rest ca. 1.0 h)
  [ 851/1294] 20250531: 14 Laender,  55,551 Ereignisse (7s, Rest ca. 0.9 h)
  [ 852/1294] 20250601: 14 Laender,  47,421 Ereignisse (7s, Rest ca. 0.9 h)
  [ 853/1294] 20250602: 14 Laender,  85,880 Ereignisse (8s, Rest ca. 0.9 h)
  [ 854/1294] 20250603: 14 Laender,  90,016 Ereignisse (8s, Rest ca. 0.9 h)
  [ 855/1294] 20250604: 14 Laender,  91,552 Ereignisse (8s, Rest ca. 0.9 h)
  [ 856/1294] 20250605: 14 Laender,  95,526 Ereignisse (8s, Rest ca. 0.9 h)
  [ 857/1294] 20250606: 14 Laender,  86,073 Ereignisse (8s, Rest ca. 0.9 h)
  [ 858/1294] 20250607: 14 Laender,  53,960 Ereignisse (7s, Rest ca. 0.9 h)
  [ 859/1294] 20250608: 14 Laender,  45,347 Ereignisse (7s, Rest ca. 0.9 h)
  [ 860/1294] 20250609: 14 Laender,  74,927 Ereignisse (8s, Rest ca. 0.9 h)
  [ 861/1294] 20250610: 14 Laender,  89,380 Ereignisse (8s, Rest ca. 0.9 h)
  [ 862/1294] 20250611: 14 Laender,  93,337 Ereignisse (8s, Rest ca. 0.9 h)
  [ 863/1294] 20250612: 14 Laender,  87,236 Ereignisse (8s, Rest ca. 0.9 h)
  [ 864/1294] 20250613: 14 Laender,  99,280 Ereignisse (8s, Rest ca. 0.9 h)
  [ 865/1294] 20250614: 14 Laender,  52,123 Ereignisse (6s, Rest ca. 0.9 h)
  [ 866/1294] 20250702: 14 Laender,  84,964 Ereignisse (8s, Rest ca. 0.9 h)
  [ 867/1294] 20250703: 14 Laender,  89,613 Ereignisse (8s, Rest ca. 0.9 h)
  [ 868/1294] 20250704: 14 Laender,  74,022 Ereignisse (8s, Rest ca. 0.9 h)
  [ 869/1294] 20250705: 14 Laender,  47,555 Ereignisse (7s, Rest ca. 0.9 h)
  [ 870/1294] 20250706: 14 Laender,  46,243 Ereignisse (7s, Rest ca. 0.9 h)
  [ 871/1294] 20250707: 14 Laender,  77,484 Ereignisse (8s, Rest ca. 0.9 h)
  [ 872/1294] 20250708: 14 Laender,  87,116 Ereignisse (8s, Rest ca. 0.9 h)
  [ 873/1294] 20250709: 14 Laender,  91,310 Ereignisse (8s, Rest ca. 0.9 h)
  [ 874/1294] 20250710: 14 Laender,  92,516 Ereignisse (8s, Rest ca. 0.9 h)
  [ 875/1294] 20250711: 14 Laender,  87,732 Ereignisse (8s, Rest ca. 0.9 h)
  [ 876/1294] 20250712: 14 Laender,  54,889 Ereignisse (8s, Rest ca. 0.9 h)
  [ 877/1294] 20250713: 14 Laender,  46,169 Ereignisse (7s, Rest ca. 0.9 h)
  [ 878/1294] 20250714: 14 Laender,  79,460 Ereignisse (8s, Rest ca. 0.9 h)
  [ 879/1294] 20250715: 14 Laender,  91,026 Ereignisse (8s, Rest ca. 0.9 h)
  [ 880/1294] 20250716: 14 Laender,  90,340 Ereignisse (8s, Rest ca. 0.9 h)
  [ 881/1294] 20250717: 14 Laender,  88,503 Ereignisse (9s, Rest ca. 0.9 h)
  [ 882/1294] 20250718: 14 Laender,  86,120 Ereignisse (8s, Rest ca. 0.9 h)
  [ 883/1294] 20250719: 14 Laender,  54,976 Ereignisse (7s, Rest ca. 0.9 h)
  [ 884/1294] 20250720: 14 Laender,  43,399 Ereignisse (8s, Rest ca. 0.9 h)
  [ 885/1294] 20250721: 14 Laender,  74,885 Ereignisse (8s, Rest ca. 0.9 h)
  [ 886/1294] 20250722: 14 Laender,  86,633 Ereignisse (8s, Rest ca. 0.9 h)
  [ 887/1294] 20250723: 14 Laender,  89,876 Ereignisse (8s, Rest ca. 0.9 h)
  [ 888/1294] 20250724: 14 Laender,  86,225 Ereignisse (8s, Rest ca. 0.9 h)
  [ 889/1294] 20250725: 14 Laender,  83,389 Ereignisse (8s, Rest ca. 0.9 h)
  [ 890/1294] 20250726: 14 Laender,  53,309 Ereignisse (7s, Rest ca. 0.9 h)
  [ 891/1294] 20250727: 14 Laender,  40,751 Ereignisse (7s, Rest ca. 0.9 h)
  [ 892/1294] 20250728: 14 Laender,  70,653 Ereignisse (8s, Rest ca. 0.9 h)
  [ 893/1294] 20250729: 14 Laender,  85,725 Ereignisse (8s, Rest ca. 0.9 h)
  [ 894/1294] 20250730: 14 Laender,  84,589 Ereignisse (8s, Rest ca. 0.9 h)
  [ 895/1294] 20250731: 14 Laender,  89,270 Ereignisse (8s, Rest ca. 0.9 h)
  [ 896/1294] 20250801: 14 Laender,  99,171 Ereignisse (8s, Rest ca. 0.9 h)
  [ 897/1294] 20250802: 14 Laender,  51,439 Ereignisse (7s, Rest ca. 0.8 h)
  [ 898/1294] 20250803: 14 Laender,  42,637 Ereignisse (7s, Rest ca. 0.8 h)
  [ 899/1294] 20250804: 14 Laender,  69,257 Ereignisse (8s, Rest ca. 0.8 h)
  [ 900/1294] 20250805: 14 Laender,  83,768 Ereignisse (8s, Rest ca. 0.8 h)
  [ 901/1294] 20250806: 14 Laender,  91,305 Ereignisse (8s, Rest ca. 0.8 h)
  [ 902/1294] 20250807: 14 Laender,  93,177 Ereignisse (8s, Rest ca. 0.8 h)
  [ 903/1294] 20250808: 14 Laender,  91,899 Ereignisse (8s, Rest ca. 0.8 h)
  [ 904/1294] 20250809: 14 Laender,  64,448 Ereignisse (7s, Rest ca. 0.8 h)
  [ 905/1294] 20250810: 14 Laender,  51,791 Ereignisse (7s, Rest ca. 0.8 h)
  [ 906/1294] 20250811: 14 Laender,  81,991 Ereignisse (8s, Rest ca. 0.8 h)
  [ 907/1294] 20250812: 14 Laender,  89,868 Ereignisse (8s, Rest ca. 0.8 h)
  [ 908/1294] 20250813: 14 Laender,  96,420 Ereignisse (8s, Rest ca. 0.8 h)
  [ 909/1294] 20250814: 14 Laender,  95,230 Ereignisse (8s, Rest ca. 0.8 h)
  [ 910/1294] 20250815: 14 Laender,  92,934 Ereignisse (8s, Rest ca. 0.8 h)
  [ 911/1294] 20250816: 14 Laender,  71,056 Ereignisse (7s, Rest ca. 0.8 h)
  [ 912/1294] 20250817: 14 Laender,  56,505 Ereignisse (7s, Rest ca. 0.8 h)
  [ 913/1294] 20250818: 14 Laender, 103,195 Ereignisse (8s, Rest ca. 0.8 h)
  [ 914/1294] 20250819: 14 Laender, 107,565 Ereignisse (8s, Rest ca. 0.8 h)
  [ 915/1294] 20250820: 14 Laender,  97,816 Ereignisse (8s, Rest ca. 0.8 h)
  [ 916/1294] 20250821: 14 Laender,  94,786 Ereignisse (8s, Rest ca. 0.8 h)
  [ 917/1294] 20250822: 14 Laender,  87,438 Ereignisse (8s, Rest ca. 0.8 h)
  [ 918/1294] 20250823: 14 Laender,  54,538 Ereignisse (7s, Rest ca. 0.8 h)
  [ 919/1294] 20250824: 14 Laender,  47,791 Ereignisse (7s, Rest ca. 0.8 h)
  [ 920/1294] 20250825: 14 Laender,  78,601 Ereignisse (8s, Rest ca. 0.8 h)
  [ 921/1294] 20250826: 14 Laender,  85,403 Ereignisse (8s, Rest ca. 0.8 h)
  [ 922/1294] 20250827: 14 Laender,  87,944 Ereignisse (8s, Rest ca. 0.8 h)
  [ 923/1294] 20250828: 14 Laender,  92,056 Ereignisse (8s, Rest ca. 0.8 h)
  [ 924/1294] 20250829: 14 Laender,  83,100 Ereignisse (7s, Rest ca. 0.8 h)
  [ 925/1294] 20250830: 14 Laender,  56,347 Ereignisse (7s, Rest ca. 0.8 h)
  [ 926/1294] 20250831: 14 Laender,  44,579 Ereignisse (7s, Rest ca. 0.8 h)
  [ 927/1294] 20250901: 14 Laender,  60,885 Ereignisse (7s, Rest ca. 0.8 h)
  [ 928/1294] 20250902: 14 Laender,  78,797 Ereignisse (8s, Rest ca. 0.8 h)
  [ 929/1294] 20250903: 14 Laender,  90,940 Ereignisse (8s, Rest ca. 0.8 h)
  [ 930/1294] 20250904: 14 Laender,  90,952 Ereignisse (8s, Rest ca. 0.8 h)
  [ 931/1294] 20250905: 14 Laender,  82,334 Ereignisse (8s, Rest ca. 0.8 h)
  [ 932/1294] 20250906: 14 Laender,  53,247 Ereignisse (7s, Rest ca. 0.8 h)
  [ 933/1294] 20250907: 14 Laender,  42,767 Ereignisse (7s, Rest ca. 0.8 h)
  [ 934/1294] 20250908: 14 Laender,  74,029 Ereignisse (7s, Rest ca. 0.8 h)
  [ 935/1294] 20250909: 14 Laender,  87,511 Ereignisse (8s, Rest ca. 0.8 h)
  [ 936/1294] 20250910: 14 Laender,  93,793 Ereignisse (8s, Rest ca. 0.8 h)
  [ 937/1294] 20250911: 14 Laender,  94,821 Ereignisse (8s, Rest ca. 0.8 h)
  [ 938/1294] 20250912: 14 Laender,  88,462 Ereignisse (7s, Rest ca. 0.8 h)
  [ 939/1294] 20250913: 14 Laender,  54,937 Ereignisse (7s, Rest ca. 0.8 h)
  [ 940/1294] 20250914: 14 Laender,  43,261 Ereignisse (6s, Rest ca. 0.8 h)
  [ 941/1294] 20250915: 14 Laender,  74,628 Ereignisse (7s, Rest ca. 0.8 h)
  [ 942/1294] 20250916: 14 Laender,  85,865 Ereignisse (8s, Rest ca. 0.8 h)
  [ 943/1294] 20250917: 14 Laender,  86,503 Ereignisse (9s, Rest ca. 0.8 h)
  [ 944/1294] 20250918: 14 Laender,  87,163 Ereignisse (10s, Rest ca. 0.7 h)
  [ 945/1294] 20250919: 14 Laender,  83,437 Ereignisse (8s, Rest ca. 0.7 h)
  [ 946/1294] 20250920: 14 Laender,  52,816 Ereignisse (7s, Rest ca. 0.7 h)
  [ 947/1294] 20250921: 14 Laender,  46,210 Ereignisse (7s, Rest ca. 0.7 h)
  [ 948/1294] 20250922: 14 Laender,  80,003 Ereignisse (8s, Rest ca. 0.7 h)
  [ 949/1294] 20250923: 14 Laender,  91,951 Ereignisse (8s, Rest ca. 0.7 h)
  [ 950/1294] 20250924: 14 Laender,  92,762 Ereignisse (8s, Rest ca. 0.7 h)
  [ 951/1294] 20250925: 14 Laender,  92,825 Ereignisse (8s, Rest ca. 0.7 h)
  [ 952/1294] 20250926: 14 Laender,  90,153 Ereignisse (7s, Rest ca. 0.7 h)
  [ 953/1294] 20250927: 14 Laender,  56,948 Ereignisse (6s, Rest ca. 0.7 h)
  [ 954/1294] 20250928: 14 Laender,  45,104 Ereignisse (6s, Rest ca. 0.7 h)
  [ 955/1294] 20250929: 14 Laender,  76,270 Ereignisse (6s, Rest ca. 0.7 h)
  [ 956/1294] 20250930: 14 Laender,  88,666 Ereignisse (7s, Rest ca. 0.7 h)
  [ 957/1294] 20251001: 14 Laender,  84,548 Ereignisse (7s, Rest ca. 0.7 h)
  [ 958/1294] 20251002: 14 Laender,  82,864 Ereignisse (7s, Rest ca. 0.7 h)
  [ 959/1294] 20251003: 14 Laender,  82,225 Ereignisse (6s, Rest ca. 0.7 h)
  [ 960/1294] 20251004: 14 Laender,  53,430 Ereignisse (6s, Rest ca. 0.7 h)
  [ 961/1294] 20251005: 14 Laender,  45,458 Ereignisse (6s, Rest ca. 0.7 h)
  [ 962/1294] 20251006: 14 Laender,  74,785 Ereignisse (7s, Rest ca. 0.7 h)
  [ 963/1294] 20251007: 14 Laender,  89,975 Ereignisse (7s, Rest ca. 0.7 h)
  [ 964/1294] 20251008: 14 Laender,  87,390 Ereignisse (7s, Rest ca. 0.7 h)
  [ 965/1294] 20251009: 14 Laender,  94,965 Ereignisse (7s, Rest ca. 0.7 h)
  [ 966/1294] 20251010: 14 Laender,  88,321 Ereignisse (7s, Rest ca. 0.7 h)
  [ 967/1294] 20251011: 14 Laender,  55,973 Ereignisse (6s, Rest ca. 0.7 h)
  [ 968/1294] 20251012: 14 Laender,  48,680 Ereignisse (6s, Rest ca. 0.7 h)
  [ 969/1294] 20251013: 14 Laender,  88,521 Ereignisse (7s, Rest ca. 0.7 h)
  [ 970/1294] 20251014: 14 Laender,  90,150 Ereignisse (6s, Rest ca. 0.7 h)
  [ 971/1294] 20251015: 14 Laender,  85,881 Ereignisse (7s, Rest ca. 0.7 h)
  [ 972/1294] 20251016: 14 Laender,  94,218 Ereignisse (7s, Rest ca. 0.7 h)
  [ 973/1294] 20251017: 14 Laender,  93,309 Ereignisse (7s, Rest ca. 0.7 h)
  [ 974/1294] 20251018: 14 Laender,  58,764 Ereignisse (6s, Rest ca. 0.7 h)
  [ 975/1294] 20251019: 14 Laender,  46,790 Ereignisse (9s, Rest ca. 0.7 h)
  [ 976/1294] 20251020: 14 Laender,  72,695 Ereignisse (8s, Rest ca. 0.7 h)
  [ 977/1294] 20251021: 14 Laender,  89,272 Ereignisse (8s, Rest ca. 0.7 h)
  [ 978/1294] 20251022: 14 Laender,  88,797 Ereignisse (8s, Rest ca. 0.7 h)
  [ 979/1294] 20251023: 14 Laender,  90,009 Ereignisse (9s, Rest ca. 0.7 h)
  [ 980/1294] 20251024: 14 Laender,  86,507 Ereignisse (8s, Rest ca. 0.7 h)
  [ 981/1294] 20251025: 14 Laender,  52,335 Ereignisse (7s, Rest ca. 0.7 h)
  [ 982/1294] 20251026: 14 Laender,  42,806 Ereignisse (7s, Rest ca. 0.7 h)
  [ 983/1294] 20251027: 14 Laender,  72,257 Ereignisse (8s, Rest ca. 0.7 h)
  [ 984/1294] 20251028: 14 Laender,  82,285 Ereignisse (8s, Rest ca. 0.7 h)
  [ 985/1294] 20251029: 14 Laender,  84,655 Ereignisse (8s, Rest ca. 0.7 h)
  [ 986/1294] 20251030: 14 Laender,  86,689 Ereignisse (8s, Rest ca. 0.7 h)
  [ 987/1294] 20251031: 14 Laender,  81,881 Ereignisse (8s, Rest ca. 0.7 h)
  [ 988/1294] 20251101: 14 Laender,  52,266 Ereignisse (7s, Rest ca. 0.7 h)
  [ 989/1294] 20251102: 14 Laender,  41,534 Ereignisse (7s, Rest ca. 0.6 h)
  [ 990/1294] 20251103: 14 Laender,  74,944 Ereignisse (7s, Rest ca. 0.6 h)
  [ 991/1294] 20251104: 14 Laender,  80,769 Ereignisse (8s, Rest ca. 0.6 h)
  [ 992/1294] 20251105: 14 Laender,  82,845 Ereignisse (8s, Rest ca. 0.6 h)
  [ 993/1294] 20251106: 14 Laender,  84,719 Ereignisse (8s, Rest ca. 0.6 h)
  [ 994/1294] 20251107: 14 Laender,  79,834 Ereignisse (8s, Rest ca. 0.6 h)
  [ 995/1294] 20251108: 14 Laender,  53,223 Ereignisse (7s, Rest ca. 0.6 h)
  [ 996/1294] 20251109: 14 Laender,  41,886 Ereignisse (7s, Rest ca. 0.6 h)
  [ 997/1294] 20251110: 14 Laender,  68,892 Ereignisse (8s, Rest ca. 0.6 h)
  [ 998/1294] 20251111: 14 Laender,  79,091 Ereignisse (7s, Rest ca. 0.6 h)
  [ 999/1294] 20251112: 14 Laender,  79,888 Ereignisse (8s, Rest ca. 0.6 h)
  [1000/1294] 20251113: 14 Laender,  79,046 Ereignisse (8s, Rest ca. 0.6 h)
  [1001/1294] 20251114: 14 Laender,  74,799 Ereignisse (8s, Rest ca. 0.6 h)
  [1002/1294] 20251115: 14 Laender,  48,156 Ereignisse (7s, Rest ca. 0.6 h)
  [1003/1294] 20251116: 14 Laender,  39,994 Ereignisse (7s, Rest ca. 0.6 h)
  [1004/1294] 20251117: 14 Laender,  69,976 Ereignisse (8s, Rest ca. 0.6 h)
  [1005/1294] 20251118: 14 Laender,  83,036 Ereignisse (8s, Rest ca. 0.6 h)
  [1006/1294] 20251119: 14 Laender,  89,077 Ereignisse (8s, Rest ca. 0.6 h)
  [1007/1294] 20251120: 14 Laender,  88,914 Ereignisse (8s, Rest ca. 0.6 h)
  [1008/1294] 20251121: 14 Laender,  88,981 Ereignisse (8s, Rest ca. 0.6 h)
  [1009/1294] 20251122: 14 Laender,  61,382 Ereignisse (7s, Rest ca. 0.6 h)
  [1010/1294] 20251123: 14 Laender,  52,963 Ereignisse (7s, Rest ca. 0.6 h)
  [1011/1294] 20251124: 14 Laender,  76,105 Ereignisse (8s, Rest ca. 0.6 h)
  [1012/1294] 20251125: 14 Laender,  83,140 Ereignisse (8s, Rest ca. 0.6 h)
  [1013/1294] 20251126: 14 Laender,  80,942 Ereignisse (7s, Rest ca. 0.6 h)
  [1014/1294] 20251127: 14 Laender,  58,480 Ereignisse (7s, Rest ca. 0.6 h)
  [1015/1294] 20251128: 14 Laender,  54,361 Ereignisse (7s, Rest ca. 0.6 h)
  [1016/1294] 20251129: 14 Laender,  42,382 Ereignisse (6s, Rest ca. 0.6 h)
  [1017/1294] 20251130: 14 Laender,  37,677 Ereignisse (7s, Rest ca. 0.6 h)
  [1018/1294] 20251201: 14 Laender,  65,631 Ereignisse (7s, Rest ca. 0.6 h)
  [1019/1294] 20251202: 14 Laender,  79,034 Ereignisse (7s, Rest ca. 0.6 h)
  [1020/1294] 20251203: 14 Laender,  83,127 Ereignisse (8s, Rest ca. 0.6 h)
  [1021/1294] 20251204: 14 Laender,  84,749 Ereignisse (8s, Rest ca. 0.6 h)
  [1022/1294] 20251205: 14 Laender,  75,126 Ereignisse (8s, Rest ca. 0.6 h)
  [1023/1294] 20251206: 14 Laender,  49,493 Ereignisse (7s, Rest ca. 0.6 h)
  [1024/1294] 20251207: 14 Laender,  39,551 Ereignisse (7s, Rest ca. 0.6 h)
  [1025/1294] 20251208: 14 Laender,  66,386 Ereignisse (7s, Rest ca. 0.6 h)
  [1026/1294] 20251209: 14 Laender,  74,717 Ereignisse (8s, Rest ca. 0.6 h)
  [1027/1294] 20251210: 14 Laender,  74,681 Ereignisse (8s, Rest ca. 0.6 h)
  [1028/1294] 20251211: 14 Laender,  77,318 Ereignisse (8s, Rest ca. 0.6 h)
  [1029/1294] 20251212: 14 Laender,  71,731 Ereignisse (8s, Rest ca. 0.6 h)
  [1030/1294] 20251213: 14 Laender,  47,155 Ereignisse (7s, Rest ca. 0.6 h)
  [1031/1294] 20251214: 14 Laender,  38,219 Ereignisse (6s, Rest ca. 0.6 h)
  [1032/1294] 20251215: 14 Laender,  65,133 Ereignisse (7s, Rest ca. 0.6 h)
  [1033/1294] 20251216: 14 Laender,  70,956 Ereignisse (8s, Rest ca. 0.6 h)
  [1034/1294] 20251217: 14 Laender,  73,415 Ereignisse (8s, Rest ca. 0.6 h)
  [1035/1294] 20251218: 14 Laender,  75,546 Ereignisse (8s, Rest ca. 0.6 h)
  [1036/1294] 20251219: 14 Laender,  73,204 Ereignisse (7s, Rest ca. 0.5 h)
  [1037/1294] 20251220: 14 Laender,  48,040 Ereignisse (7s, Rest ca. 0.5 h)
  [1038/1294] 20251221: 14 Laender,  35,915 Ereignisse (7s, Rest ca. 0.5 h)
  [1039/1294] 20251222: 14 Laender,  59,773 Ereignisse (7s, Rest ca. 0.5 h)
  [1040/1294] 20251223: 14 Laender,  67,427 Ereignisse (7s, Rest ca. 0.5 h)
  [1041/1294] 20251224: 14 Laender,  58,821 Ereignisse (7s, Rest ca. 0.5 h)
  [1042/1294] 20251225: 14 Laender,  36,462 Ereignisse (7s, Rest ca. 0.5 h)
  [1043/1294] 20251226: 14 Laender,  48,092 Ereignisse (7s, Rest ca. 0.5 h)
  [1044/1294] 20251227: 14 Laender,  42,799 Ereignisse (6s, Rest ca. 0.5 h)
  [1045/1294] 20251228: 14 Laender,  39,912 Ereignisse (7s, Rest ca. 0.5 h)
  [1046/1294] 20251229: 14 Laender,  61,845 Ereignisse (7s, Rest ca. 0.5 h)
  [1047/1294] 20251230: 14 Laender,  60,872 Ereignisse (7s, Rest ca. 0.5 h)
  [1048/1294] 20251231: 14 Laender,  57,105 Ereignisse (7s, Rest ca. 0.5 h)
  [1049/1294] 20260101: 14 Laender,  41,960 Ereignisse (6s, Rest ca. 0.5 h)
  [1050/1294] 20260102: 14 Laender,  46,943 Ereignisse (7s, Rest ca. 0.5 h)
  [1051/1294] 20260103: 14 Laender,  43,869 Ereignisse (7s, Rest ca. 0.5 h)
  [1052/1294] 20260104: 14 Laender,  41,974 Ereignisse (7s, Rest ca. 0.5 h)
  [1053/1294] 20260105: 14 Laender,  64,720 Ereignisse (7s, Rest ca. 0.5 h)
  [1054/1294] 20260106: 14 Laender,  74,166 Ereignisse (8s, Rest ca. 0.5 h)
  [1055/1294] 20260107: 14 Laender,  77,398 Ereignisse (8s, Rest ca. 0.5 h)
  [1056/1294] 20260108: 14 Laender,  76,097 Ereignisse (8s, Rest ca. 0.5 h)
  [1057/1294] 20260109: 14 Laender,  76,969 Ereignisse (8s, Rest ca. 0.5 h)
  [1058/1294] 20260110: 14 Laender,  49,369 Ereignisse (7s, Rest ca. 0.5 h)
  [1059/1294] 20260111: 14 Laender,  38,975 Ereignisse (7s, Rest ca. 0.5 h)
  [1060/1294] 20260112: 14 Laender,  63,507 Ereignisse (7s, Rest ca. 0.5 h)
  [1061/1294] 20260113: 14 Laender,  75,920 Ereignisse (8s, Rest ca. 0.5 h)
  [1062/1294] 20260114: 14 Laender,  78,039 Ereignisse (8s, Rest ca. 0.5 h)
  [1063/1294] 20260115: 14 Laender,  80,711 Ereignisse (8s, Rest ca. 0.5 h)
  [1064/1294] 20260116: 14 Laender,  75,149 Ereignisse (7s, Rest ca. 0.5 h)
  [1065/1294] 20260117: 14 Laender,  51,681 Ereignisse (7s, Rest ca. 0.5 h)
  [1066/1294] 20260118: 14 Laender,  39,532 Ereignisse (7s, Rest ca. 0.5 h)
  [1067/1294] 20260119: 14 Laender,  58,162 Ereignisse (8s, Rest ca. 0.5 h)
  [1068/1294] 20260120: 14 Laender,  72,057 Ereignisse (8s, Rest ca. 0.5 h)
  [1069/1294] 20260121: 14 Laender,  78,701 Ereignisse (8s, Rest ca. 0.5 h)
  [1070/1294] 20260122: 14 Laender,  82,761 Ereignisse (8s, Rest ca. 0.5 h)
  [1071/1294] 20260123: 14 Laender,  78,804 Ereignisse (8s, Rest ca. 0.5 h)
  [1072/1294] 20260124: 14 Laender,  51,115 Ereignisse (7s, Rest ca. 0.5 h)
  [1073/1294] 20260125: 14 Laender,  40,679 Ereignisse (7s, Rest ca. 0.5 h)
  [1074/1294] 20260126: 14 Laender,  61,936 Ereignisse (8s, Rest ca. 0.5 h)
  [1075/1294] 20260127: 14 Laender,  75,440 Ereignisse (7s, Rest ca. 0.5 h)
  [1076/1294] 20260128: 14 Laender,  75,983 Ereignisse (8s, Rest ca. 0.5 h)
  [1077/1294] 20260129: 14 Laender,  78,999 Ereignisse (8s, Rest ca. 0.5 h)
  [1078/1294] 20260130: 14 Laender,  77,420 Ereignisse (8s, Rest ca. 0.5 h)
  [1079/1294] 20260131: 14 Laender,  52,551 Ereignisse (7s, Rest ca. 0.5 h)
  [1080/1294] 20260201: 14 Laender,  42,085 Ereignisse (7s, Rest ca. 0.5 h)
  [1081/1294] 20260202: 14 Laender,  65,337 Ereignisse (7s, Rest ca. 0.5 h)
  [1082/1294] 20260203: 14 Laender,  79,203 Ereignisse (7s, Rest ca. 0.4 h)
  [1083/1294] 20260204: 14 Laender,  81,181 Ereignisse (8s, Rest ca. 0.4 h)
  [1084/1294] 20260205: 14 Laender,  82,246 Ereignisse (8s, Rest ca. 0.4 h)
  [1085/1294] 20260206: 14 Laender,  74,563 Ereignisse (8s, Rest ca. 0.4 h)
  [1086/1294] 20260207: 14 Laender,  49,820 Ereignisse (7s, Rest ca. 0.4 h)
  [1087/1294] 20260208: 14 Laender,  38,272 Ereignisse (7s, Rest ca. 0.4 h)
  [1088/1294] 20260209: 14 Laender,  62,311 Ereignisse (8s, Rest ca. 0.4 h)
  [1089/1294] 20260210: 14 Laender,  75,012 Ereignisse (8s, Rest ca. 0.4 h)
  [1090/1294] 20260211: 14 Laender,  82,026 Ereignisse (8s, Rest ca. 0.4 h)
  [1091/1294] 20260212: 14 Laender,  80,215 Ereignisse (8s, Rest ca. 0.4 h)
  [1092/1294] 20260213: 14 Laender,  77,265 Ereignisse (8s, Rest ca. 0.4 h)
  [1093/1294] 20260214: 14 Laender,  53,575 Ereignisse (7s, Rest ca. 0.4 h)
  [1094/1294] 20260215: 14 Laender,  42,052 Ereignisse (7s, Rest ca. 0.4 h)
  [1095/1294] 20260216: 14 Laender,  62,906 Ereignisse (7s, Rest ca. 0.4 h)
  [1096/1294] 20260217: 14 Laender,  73,949 Ereignisse (8s, Rest ca. 0.4 h)
  [1097/1294] 20260218: 14 Laender,  81,227 Ereignisse (8s, Rest ca. 0.4 h)
  [1098/1294] 20260219: 14 Laender,  83,246 Ereignisse (8s, Rest ca. 0.4 h)
  [1099/1294] 20260220: 14 Laender,  76,176 Ereignisse (8s, Rest ca. 0.4 h)
  [1100/1294] 20260221: 14 Laender,  49,350 Ereignisse (7s, Rest ca. 0.4 h)
  [1101/1294] 20260222: 14 Laender,  40,863 Ereignisse (7s, Rest ca. 0.4 h)
  [1102/1294] 20260223: 14 Laender,  70,224 Ereignisse (7s, Rest ca. 0.4 h)
  [1103/1294] 20260224: 14 Laender,  85,670 Ereignisse (8s, Rest ca. 0.4 h)
  [1104/1294] 20260225: 14 Laender,  80,371 Ereignisse (8s, Rest ca. 0.4 h)
  [1105/1294] 20260226: 14 Laender,  83,706 Ereignisse (8s, Rest ca. 0.4 h)
  [1106/1294] 20260227: 14 Laender,  83,456 Ereignisse (8s, Rest ca. 0.4 h)
  [1107/1294] 20260228: 14 Laender,  70,221 Ereignisse (7s, Rest ca. 0.4 h)
  [1108/1294] 20260301: 14 Laender,  59,042 Ereignisse (7s, Rest ca. 0.4 h)
  [1109/1294] 20260302: 14 Laender,  78,439 Ereignisse (8s, Rest ca. 0.4 h)
  [1110/1294] 20260303: 14 Laender,  86,534 Ereignisse (8s, Rest ca. 0.4 h)
  [1111/1294] 20260304: 14 Laender,  85,580 Ereignisse (8s, Rest ca. 0.4 h)
  [1112/1294] 20260305: 14 Laender,  87,414 Ereignisse (8s, Rest ca. 0.4 h)
  [1113/1294] 20260306: 14 Laender,  81,358 Ereignisse (8s, Rest ca. 0.4 h)
  [1114/1294] 20260307: 14 Laender,  55,421 Ereignisse (7s, Rest ca. 0.4 h)
  [1115/1294] 20260308: 14 Laender,  44,040 Ereignisse (7s, Rest ca. 0.4 h)
  [1116/1294] 20260309: 14 Laender,  66,126 Ereignisse (8s, Rest ca. 0.4 h)
  [1117/1294] 20260310: 14 Laender,  74,651 Ereignisse (8s, Rest ca. 0.4 h)
  [1118/1294] 20260311: 14 Laender,  78,590 Ereignisse (8s, Rest ca. 0.4 h)
  [1119/1294] 20260312: 14 Laender,  80,544 Ereignisse (8s, Rest ca. 0.4 h)
  [1120/1294] 20260313: 14 Laender,  79,019 Ereignisse (8s, Rest ca. 0.4 h)
  [1121/1294] 20260314: 14 Laender,  49,989 Ereignisse (7s, Rest ca. 0.4 h)
  [1122/1294] 20260315: 14 Laender,  38,542 Ereignisse (7s, Rest ca. 0.4 h)
  [1123/1294] 20260316: 14 Laender,  67,645 Ereignisse (8s, Rest ca. 0.4 h)
  [1124/1294] 20260317: 14 Laender,  78,385 Ereignisse (8s, Rest ca. 0.4 h)
  [1125/1294] 20260318: 14 Laender,  81,235 Ereignisse (13s, Rest ca. 0.4 h)
  [1126/1294] 20260319: 14 Laender,  78,088 Ereignisse (8s, Rest ca. 0.4 h)
  [1127/1294] 20260320: 14 Laender,  69,748 Ereignisse (8s, Rest ca. 0.4 h)
  [1128/1294] 20260321: 14 Laender,  43,041 Ereignisse (7s, Rest ca. 0.4 h)
  [1129/1294] 20260322: 14 Laender,  34,862 Ereignisse (8s, Rest ca. 0.4 h)
  [1130/1294] 20260323: 14 Laender,  59,678 Ereignisse (8s, Rest ca. 0.3 h)
  [1131/1294] 20260324: 14 Laender,  73,019 Ereignisse (8s, Rest ca. 0.3 h)
  [1132/1294] 20260325: 14 Laender,  75,370 Ereignisse (8s, Rest ca. 0.3 h)
  [1133/1294] 20260326: 14 Laender,  74,500 Ereignisse (8s, Rest ca. 0.3 h)
  [1134/1294] 20260327: 14 Laender,  68,148 Ereignisse (8s, Rest ca. 0.3 h)
  [1135/1294] 20260328: 14 Laender,  49,107 Ereignisse (7s, Rest ca. 0.3 h)
  [1136/1294] 20260329: 14 Laender,  44,888 Ereignisse (7s, Rest ca. 0.3 h)
  [1137/1294] 20260330: 14 Laender,  68,917 Ereignisse (7s, Rest ca. 0.3 h)
  [1138/1294] 20260331: 14 Laender,  72,756 Ereignisse (8s, Rest ca. 0.3 h)
  [1139/1294] 20260401: 14 Laender,  74,006 Ereignisse (8s, Rest ca. 0.3 h)
  [1140/1294] 20260402: 14 Laender,  68,115 Ereignisse (7s, Rest ca. 0.3 h)
  [1141/1294] 20260403: 14 Laender,  59,070 Ereignisse (7s, Rest ca. 0.3 h)
  [1142/1294] 20260404: 14 Laender,  39,146 Ereignisse (7s, Rest ca. 0.3 h)
  [1143/1294] 20260405: 14 Laender,  32,460 Ereignisse (6s, Rest ca. 0.3 h)
  [1144/1294] 20260406: 14 Laender,  54,809 Ereignisse (7s, Rest ca. 0.3 h)
  [1145/1294] 20260407: 14 Laender,  67,470 Ereignisse (7s, Rest ca. 0.3 h)
  [1146/1294] 20260408: 14 Laender,  78,596 Ereignisse (8s, Rest ca. 0.3 h)
  [1147/1294] 20260409: 14 Laender,  77,070 Ereignisse (8s, Rest ca. 0.3 h)
  [1148/1294] 20260410: 14 Laender,  74,786 Ereignisse (8s, Rest ca. 0.3 h)
  [1149/1294] 20260411: 14 Laender,  49,520 Ereignisse (7s, Rest ca. 0.3 h)
  [1150/1294] 20260412: 14 Laender,  39,325 Ereignisse (8s, Rest ca. 0.3 h)
  [1151/1294] 20260413: 14 Laender,  60,179 Ereignisse (8s, Rest ca. 0.3 h)
  [1152/1294] 20260414: 14 Laender,  73,506 Ereignisse (8s, Rest ca. 0.3 h)
  [1153/1294] 20260415: 14 Laender,  73,884 Ereignisse (8s, Rest ca. 0.3 h)
  [1154/1294] 20260416: 14 Laender,  78,412 Ereignisse (8s, Rest ca. 0.3 h)
  [1155/1294] 20260417: 14 Laender,  71,577 Ereignisse (8s, Rest ca. 0.3 h)
  [1156/1294] 20260418: 14 Laender,  44,103 Ereignisse (6s, Rest ca. 0.3 h)
  [1157/1294] 20260419: 14 Laender,  37,234 Ereignisse (7s, Rest ca. 0.3 h)
  [1158/1294] 20260420: 14 Laender,  62,694 Ereignisse (8s, Rest ca. 0.3 h)
  [1159/1294] 20260421: 14 Laender,  72,958 Ereignisse (8s, Rest ca. 0.3 h)
  [1160/1294] 20260422: 14 Laender,  71,918 Ereignisse (8s, Rest ca. 0.3 h)
  [1161/1294] 20260423: 14 Laender,  73,627 Ereignisse (7s, Rest ca. 0.3 h)
  [1162/1294] 20260424: 14 Laender,  71,905 Ereignisse (8s, Rest ca. 0.3 h)
  [1163/1294] 20260425: 14 Laender,  47,852 Ereignisse (7s, Rest ca. 0.3 h)
  [1164/1294] 20260426: 14 Laender,  41,470 Ereignisse (7s, Rest ca. 0.3 h)
  [1165/1294] 20260427: 14 Laender,  65,164 Ereignisse (7s, Rest ca. 0.3 h)
  [1166/1294] 20260428: 14 Laender,  74,551 Ereignisse (7s, Rest ca. 0.3 h)
  [1167/1294] 20260429: 14 Laender,  74,344 Ereignisse (8s, Rest ca. 0.3 h)
  [1168/1294] 20260430: 14 Laender,  73,872 Ereignisse (8s, Rest ca. 0.3 h)
  [1169/1294] 20260501: 14 Laender,  66,960 Ereignisse (8s, Rest ca. 0.3 h)
  [1170/1294] 20260502: 14 Laender,  46,651 Ereignisse (7s, Rest ca. 0.3 h)
  [1171/1294] 20260503: 14 Laender,  37,306 Ereignisse (7s, Rest ca. 0.3 h)
  [1172/1294] 20260504: 14 Laender,  59,867 Ereignisse (8s, Rest ca. 0.3 h)
  [1173/1294] 20260505: 14 Laender,  70,558 Ereignisse (8s, Rest ca. 0.3 h)
  [1174/1294] 20260506: 14 Laender,  75,178 Ereignisse (8s, Rest ca. 0.3 h)
  [1175/1294] 20260507: 14 Laender,  78,035 Ereignisse (8s, Rest ca. 0.3 h)
  [1176/1294] 20260508: 14 Laender,  73,097 Ereignisse (8s, Rest ca. 0.3 h)
  [1177/1294] 20260509: 14 Laender,  44,543 Ereignisse (7s, Rest ca. 0.2 h)
  [1178/1294] 20260510: 14 Laender,  36,598 Ereignisse (7s, Rest ca. 0.2 h)
  [1179/1294] 20260511: 14 Laender,  63,869 Ereignisse (8s, Rest ca. 0.2 h)
  [1180/1294] 20260512: 14 Laender,  72,159 Ereignisse (8s, Rest ca. 0.2 h)
  [1181/1294] 20260513: 14 Laender,  73,429 Ereignisse (8s, Rest ca. 0.2 h)
  [1182/1294] 20260514: 14 Laender,  79,013 Ereignisse (8s, Rest ca. 0.2 h)
  [1183/1294] 20260515: 14 Laender,  72,048 Ereignisse (8s, Rest ca. 0.2 h)
  [1184/1294] 20260516: 14 Laender,  46,270 Ereignisse (7s, Rest ca. 0.2 h)
  [1185/1294] 20260517: 14 Laender,  36,738 Ereignisse (7s, Rest ca. 0.2 h)
  [1186/1294] 20260518: 14 Laender,  63,804 Ereignisse (8s, Rest ca. 0.2 h)
  [1187/1294] 20260519: 14 Laender,  73,319 Ereignisse (8s, Rest ca. 0.2 h)
  [1188/1294] 20260520: 14 Laender,  77,829 Ereignisse (8s, Rest ca. 0.2 h)
  [1189/1294] 20260521: 14 Laender,  76,331 Ereignisse (8s, Rest ca. 0.2 h)
  [1190/1294] 20260522: 14 Laender,  70,091 Ereignisse (8s, Rest ca. 0.2 h)
  [1191/1294] 20260523: 14 Laender,  46,855 Ereignisse (7s, Rest ca. 0.2 h)
  [1192/1294] 20260524: 14 Laender,  40,129 Ereignisse (7s, Rest ca. 0.2 h)
  [1193/1294] 20260525: 14 Laender,  50,606 Ereignisse (8s, Rest ca. 0.2 h)
  [1194/1294] 20260526: 14 Laender,  66,189 Ereignisse (8s, Rest ca. 0.2 h)
  [1195/1294] 20260527: 14 Laender,  70,921 Ereignisse (8s, Rest ca. 0.2 h)
  [1196/1294] 20260528: 14 Laender,  69,226 Ereignisse (8s, Rest ca. 0.2 h)
  [1197/1294] 20260529: 14 Laender,  70,038 Ereignisse (8s, Rest ca. 0.2 h)
  [1198/1294] 20260530: 14 Laender,  41,851 Ereignisse (7s, Rest ca. 0.2 h)
  [1199/1294] 20260531: 14 Laender,  34,322 Ereignisse (7s, Rest ca. 0.2 h)
  [1200/1294] 20260601: 14 Laender,  61,700 Ereignisse (7s, Rest ca. 0.2 h)
  [1201/1294] 20260602: 14 Laender,  73,601 Ereignisse (7s, Rest ca. 0.2 h)
  [1202/1294] 20260603: 14 Laender,  72,599 Ereignisse (8s, Rest ca. 0.2 h)
  [1203/1294] 20260604: 14 Laender,  71,698 Ereignisse (8s, Rest ca. 0.2 h)
  [1204/1294] 20260605: 14 Laender,  65,137 Ereignisse (7s, Rest ca. 0.2 h)
  [1205/1294] 20260606: 14 Laender,  42,397 Ereignisse (7s, Rest ca. 0.2 h)
  [1206/1294] 20260607: 14 Laender,  37,580 Ereignisse (7s, Rest ca. 0.2 h)
  [1207/1294] 20260608: 14 Laender,  60,662 Ereignisse (7s, Rest ca. 0.2 h)
  [1208/1294] 20260609: 14 Laender,  64,554 Ereignisse (8s, Rest ca. 0.2 h)
  [1209/1294] 20260610: 14 Laender,  67,838 Ereignisse (8s, Rest ca. 0.2 h)
  [1210/1294] 20260611: 14 Laender,  64,975 Ereignisse (8s, Rest ca. 0.2 h)
  [1211/1294] 20260612: 14 Laender,  61,257 Ereignisse (8s, Rest ca. 0.2 h)
  [1212/1294] 20260613: 14 Laender,  39,700 Ereignisse (7s, Rest ca. 0.2 h)
  [1213/1294] 20260614: 14 Laender,  33,821 Ereignisse (6s, Rest ca. 0.2 h)
  [1214/1294] 20260615: 14 Laender,  64,225 Ereignisse (7s, Rest ca. 0.2 h)
  [1215/1294] 20260616: 14 Laender,  68,188 Ereignisse (8s, Rest ca. 0.2 h)
  [1216/1294] 20260617: 14 Laender,  68,469 Ereignisse (8s, Rest ca. 0.2 h)
  [1217/1294] 20260618: 14 Laender,  70,110 Ereignisse (8s, Rest ca. 0.2 h)
  [1218/1294] 20260619: 14 Laender,  61,864 Ereignisse (8s, Rest ca. 0.2 h)
  [1219/1294] 20260620: 14 Laender,  39,298 Ereignisse (7s, Rest ca. 0.2 h)
  [1220/1294] 20260621: 14 Laender,  36,014 Ereignisse (7s, Rest ca. 0.2 h)
  [1221/1294] 20260622: 14 Laender,  57,733 Ereignisse (7s, Rest ca. 0.2 h)
  [1222/1294] 20260623: 14 Laender,  64,739 Ereignisse (8s, Rest ca. 0.2 h)
  [1223/1294] 20260624: 14 Laender,  67,705 Ereignisse (7s, Rest ca. 0.2 h)
  [1224/1294] 20260625: 14 Laender,  66,863 Ereignisse (8s, Rest ca. 0.1 h)
  [1225/1294] 20260626: 14 Laender,  59,620 Ereignisse (7s, Rest ca. 0.1 h)
  [1226/1294] 20260627: 14 Laender,  39,851 Ereignisse (6s, Rest ca. 0.1 h)
  [1227/1294] 20260628: 14 Laender,  33,320 Ereignisse (7s, Rest ca. 0.1 h)
  [1228/1294] 20260629: 14 Laender,  56,968 Ereignisse (8s, Rest ca. 0.1 h)
  [1229/1294] 20260630: 14 Laender,  64,182 Ereignisse (8s, Rest ca. 0.1 h)
  [1230/1294] 20260701: 14 Laender,  67,133 Ereignisse (8s, Rest ca. 0.1 h)
  [1231/1294] 20260702: 14 Laender,  66,925 Ereignisse (8s, Rest ca. 0.1 h)
  [1232/1294] 20260703: 14 Laender,  58,101 Ereignisse (7s, Rest ca. 0.1 h)
  [1233/1294] 20260704: 14 Laender,  40,995 Ereignisse (7s, Rest ca. 0.1 h)
  [1234/1294] 20260705: 14 Laender,  34,331 Ereignisse (7s, Rest ca. 0.1 h)
  [1235/1294] 20260706: 14 Laender,  58,283 Ereignisse (7s, Rest ca. 0.1 h)
  [1236/1294] 20260707: 14 Laender,  68,543 Ereignisse (7s, Rest ca. 0.1 h)
  [1237/1294] 20260708: 14 Laender,  73,926 Ereignisse (8s, Rest ca. 0.1 h)
  [1238/1294] 20260709: 14 Laender,  69,752 Ereignisse (7s, Rest ca. 0.1 h)
  [1239/1294] 20260710: 14 Laender,  64,732 Ereignisse (7s, Rest ca. 0.1 h)
  [1240/1294] 20260711: 14 Laender,  42,911 Ereignisse (7s, Rest ca. 0.1 h)
  [1241/1294] 20260712: 14 Laender,  37,586 Ereignisse (6s, Rest ca. 0.1 h)
  [1242/1294] 20260713: 14 Laender,  63,168 Ereignisse (7s, Rest ca. 0.1 h)
  [1243/1294] 20260714: 14 Laender,  69,293 Ereignisse (8s, Rest ca. 0.1 h)
  [1244/1294] 20260715: 14 Laender,  70,764 Ereignisse (7s, Rest ca. 0.1 h)
  [1245/1294] 20260716: 14 Laender,  70,388 Ereignisse (8s, Rest ca. 0.1 h)
  [1246/1294] 20260717: 14 Laender,  63,147 Ereignisse (7s, Rest ca. 0.1 h)
  [1247/1294] 20260718: 14 Laender,  39,742 Ereignisse (7s, Rest ca. 0.1 h)
  [1248/1294] 20260719: 14 Laender,  33,916 Ereignisse (6s, Rest ca. 0.1 h)
  [1249/1294] 20260720: 14 Laender,  55,844 Ereignisse (7s, Rest ca. 0.1 h)
  [1250/1294] 20260721: 14 Laender,  66,309 Ereignisse (7s, Rest ca. 0.1 h)
  [1251/1294] 20260722: 14 Laender,  73,189 Ereignisse (8s, Rest ca. 0.1 h)
  [1252/1294] 20260723: 14 Laender,  70,554 Ereignisse (8s, Rest ca. 0.1 h)
  [1253/1294] 20260724: 14 Laender,  70,744 Ereignisse (8s, Rest ca. 0.1 h)
  [1254/1294] 20260725: 14 Laender,  44,346 Ereignisse (7s, Rest ca. 0.1 h)
  [1255/1294] 20260726: 14 Laender,  38,198 Ereignisse (7s, Rest ca. 0.1 h)
  [1256/1294] 20260727: 14 Laender,  61,117 Ereignisse (7s, Rest ca. 0.1 h)
  [1257/1294] 20260728: 14 Laender,  75,690 Ereignisse (8s, Rest ca. 0.1 h)
  [1258/1294] 20260729: 14 Laender,  71,999 Ereignisse (8s, Rest ca. 0.1 h)
  [1259/1294] 20260730: 14 Laender,  70,197 Ereignisse (8s, Rest ca. 0.1 h)
  [1260/1294] 20260731: 14 Laender,  65,887 Ereignisse (8s, Rest ca. 0.1 h)
  [1261/1294] 20260801: 14 Laender,  43,447 Ereignisse (7s, Rest ca. 0.1 h)
  [1262/1294] 20260802: 14 Laender,  35,065 Ereignisse (7s, Rest ca. 0.1 h)
  [1263/1294] 20260803: 14 Laender,  54,404 Ereignisse (7s, Rest ca. 0.1 h)
  [1264/1294] 20260804: 14 Laender,  62,605 Ereignisse (7s, Rest ca. 0.1 h)
  [1265/1294] 20260805: 14 Laender,  67,309 Ereignisse (7s, Rest ca. 0.1 h)
  [1266/1294] 20260806: 14 Laender,  67,096 Ereignisse (8s, Rest ca. 0.1 h)
  [1267/1294] 20260807: 14 Laender,  63,631 Ereignisse (7s, Rest ca. 0.1 h)
  [1268/1294] 20260808: 14 Laender,  41,510 Ereignisse (7s, Rest ca. 0.1 h)
  [1269/1294] 20260809: 14 Laender,  34,387 Ereignisse (7s, Rest ca. 0.1 h)
  [1270/1294] 20260810: 14 Laender,  55,286 Ereignisse (7s, Rest ca. 0.1 h)
  [1271/1294] 20260811: 14 Laender,  68,142 Ereignisse (7s, Rest ca. 0.0 h)
  [1272/1294] 20260812: 14 Laender,  67,612 Ereignisse (7s, Rest ca. 0.0 h)
  [1273/1294] 20260813: 14 Laender,  66,871 Ereignisse (7s, Rest ca. 0.0 h)
  [1274/1294] 20260814: 14 Laender,  64,568 Ereignisse (7s, Rest ca. 0.0 h)
  [1275/1294] 20260815: 14 Laender,  40,445 Ereignisse (7s, Rest ca. 0.0 h)
  [1276/1294] 20260816: 14 Laender,  36,528 Ereignisse (7s, Rest ca. 0.0 h)
  [1277/1294] 20260817: 14 Laender,  60,670 Ereignisse (7s, Rest ca. 0.0 h)
  [1278/1294] 20260818: 14 Laender,  67,543 Ereignisse (7s, Rest ca. 0.0 h)
  [1279/1294] 20260819: 14 Laender,  70,759 Ereignisse (7s, Rest ca. 0.0 h)
  [1280/1294] 20260820: 14 Laender,  71,494 Ereignisse (8s, Rest ca. 0.0 h)
  [1281/1294] 20260821: 14 Laender,  65,512 Ereignisse (8s, Rest ca. 0.0 h)
  [1282/1294] 20260822: 14 Laender,  41,640 Ereignisse (7s, Rest ca. 0.0 h)
  [1283/1294] 20260823: 14 Laender,  34,957 Ereignisse (6s, Rest ca. 0.0 h)
  [1284/1294] 20260824: 14 Laender,  61,258 Ereignisse (8s, Rest ca. 0.0 h)
  [1285/1294] 20260825: 14 Laender,  68,157 Ereignisse (7s, Rest ca. 0.0 h)
  [1286/1294] 20260826: 14 Laender,  67,745 Ereignisse (7s, Rest ca. 0.0 h)
  [1287/1294] 20260827: 14 Laender,  68,683 Ereignisse (8s, Rest ca. 0.0 h)
  [1288/1294] 20260828: 14 Laender,  62,727 Ereignisse (11s, Rest ca. 0.0 h)
  [1289/1294] 20260829: 14 Laender,  41,012 Ereignisse (7s, Rest ca. 0.0 h)
  [1290/1294] 20260830: 14 Laender,  33,908 Ereignisse (8s, Rest ca. 0.0 h)
  [1291/1294] 20260831: 14 Laender,  59,281 Ereignisse (7s, Rest ca. 0.0 h)
  [1292/1294] 20260901: 14 Laender,  71,639 Ereignisse (7s, Rest ca. 0.0 h)
  [1293/1294] 20260902: 14 Laender,  74,711 Ereignisse (7s, Rest ca. 0.0 h)
  [1294/1294] 20260903: 14 Laender,  64,120 Ereignisse (6s, Rest ca. 0.0 h)

[FERTIG] 1294 Tage in 2.7 h
Jetzt uebernehmen:  python skripte/gdelt_historie.py --einspielen
